******************************************************************************
               TMS320C6x Linker PC v7.2.3                      
******************************************************************************
>> Linked Tue Mar 11 18:47:40 2014

OUTPUT FILE NAME:   <C:/Temp/TP_DSP_6437_CCS4/TP_DSP_exo1/Debug/TP-DSP.out>
ENTRY POINT SYMBOL: "_c_int00"  address: 81038de0


MEMORY CONFIGURATION

         name            origin    length      used     unused   attr    fill
----------------------  --------  ---------  --------  --------  ----  --------
  IRAM                  10800000   00020000  0000a000  00016000  RWIX
  CACHE_L1P             10e08000   00008000  00000000  00008000  RWIX
  L1DSRAM               10f04000   0000c000  00000000  0000c000  RWIX
  CACHE_L1D             10f10000   00008000  00000000  00008000  RWIX
  SRAM                  42000000   00200000  00000000  00200000  RWIX
  DDR2                  80000000   08000000  0103ab35  06fc54cb  RWIX


SECTION ALLOCATION MAP

 output                                  attributes/
section   page    origin      length       input sections
--------  ----  ----------  ----------   ----------------
.vers      0    00000000    0000003c     COPY SECTION
                  00000000    0000003c     TP_DSPcfg.obj (.vers)

.DVTEvent_Log$buf 
*          0    10800000    00008000     UNINITIALIZED
                  10800000    00008000     TP_DSPcfg.obj (.DVTEvent_Log$buf)

.LOG_system$buf 
*          0    10808000    00001000     UNINITIALIZED
                  10808000    00001000     TP_DSPcfg.obj (.LOG_system$buf)

.trace$buf 
*          0    10809000    00001000     UNINITIALIZED
                  10809000    00001000     TP_DSPcfg.obj (.trace$buf)

.prd       0    80000000    00000000     UNINITIALIZED

.data      0    80000000    00000000     UNINITIALIZED

.DDR2$heap 
*          0    80000000    01000000     UNINITIALIZED
                  80000000    01000000     --HOLE--

.text      0    81000000    0001ed20     
                  81000000    00005080     edma3_drv_bios_dbg.lib : edma3.obj (.text)
                  81005080    000036a0     edma3_rm_bios_dbg.lib : edma3resmgr.obj (.text)
                  81008720    00003060     prev_bios_drv_dbg.lib : llc_previewer.obj (.text)
                  8100b780    00002b60                           : ddc_previewer.obj (.text)
                  8100e2e0    00002460     vpbe_bios_drv_dbg.lib : llc_vpbeOsd.obj (.text)
                  81010740    00001a60     vpfe_bios_drv_dbg.lib : llc_vpfeCcdc.obj (.text)
                  810121a0    000019c0     i2c_bios_drv_dbg.lib : ddc_i2c.obj (.text)
                  81013b60    000018c0     vpbe_bios_drv_dbg.lib : ddc_vpbe.obj (.text)
                  81015420    00001000     vpfe_bios_drv_dbg.lib : ddc_vpfe.obj (.text)
                  81016420    00000f40     prev_bios_drv_dbg.lib : dda_previewer.obj (.text)
                  81017360    00000ca0     vpbe_bios_drv_dbg.lib : llc_vpbeVenc.obj (.text)
                  81018000    00000a60     vpfe_bios_drv_dbg.lib : ddc_vpfeCcdc.obj (.text)
                  81018a60    000008e0     vpbe_bios_drv_dbg.lib : ddc_vpbeOsd.obj (.text)
                  81019340    00000840     tvp5146_extDecoder.obj (.text)
                  81019b80    000007c0     i2c_bios_drv_dbg.lib : dda_i2ciom.obj (.text)
                  8101a340    000006c0     vpbe_bios_drv_dbg.lib : dda_vpbeIom.obj (.text)
                  8101aa00    000006c0                           : ddc_vpbeVenc.obj (.text)
                  8101b0c0    000006a0     vpfe_bios_drv_dbg.lib : dda_vpfeIom.obj (.text)
                  8101b760    00000480     vpbe_bios_drv_dbg.lib : dda_vpbe.obj (.text)
                  8101bbe0    00000480     vpfe_bios_drv_dbg.lib : dda_vpfe.obj (.text)
                  8101c060    000003e0     rts64plus.lib : divf.obj (.text:__divf)
                  8101c440    000003c0     fonctions.obj (.text)
                  8101c800    000002e0     bios_edma3_sample_cs.obj (.text)
                  8101cae0    000002e0     vpbe_bios_drv_dbg.lib : llc_vpbeCursor.obj (.text)
                  8101cdc0    000002a0     palos_bios_dbg.lib : pal_osmem.obj (.text)
                  8101d060    00000240     psp_i2c_interface.obj (.text)
                  8101d2a0    00000200     rts64plus.lib : addd.obj (.text:__addd)
                  8101d4a0    00000200                   : frcaddd.obj (.text:__frcaddd)
                  8101d6a0    00000200     vpbe_bios_drv_dbg.lib : ddc_vpbeCursor.obj (.text)
                  8101d8a0    00000180     i2c_bios_drv_dbg.lib : dda_i2cbios.obj (.text)
                  8101da20    00000100     rts64plus.lib : sinit.obj (.text:_call_dtors)
                  8101db20    00000100     palos_bios_dbg.lib : pal_ossem.obj (.text)
                  8101dc20    000000e0     rts64plus.lib : cmpd.obj (.text:__cmpd)
                  8101dd00    000000e0                   : memset.obj (.text:_memset)
                  8101dde0    000000c0                   : divu.obj (.text:__divu)
                  8101dea0    000000c0                   : atexit.obj (.text:_atexit)
                  8101df60    000000c0                   : modf.obj (.text:_modf)
                  8101e020    000000c0     bios.a64P : tsk_stup.o64P (.text)
                  8101e0e0    000000c0     palos_bios_dbg.lib : pal_osWait.obj (.text)
                  8101e1a0    000000c0     vpbe_bios_drv_dbg.lib : dda_vpbeBios.obj (.text)
                  8101e260    000000a0     rts64plus.lib : frcmpyf_div.obj (.text:__frcmpyf_div)
                  8101e300    000000a0                   : remu.obj (.text:__remu)
                  8101e3a0    000000a0                   : memcpy64.obj (.text:_memcpy)
                  8101e440    000000a0     vpfe_bios_drv_dbg.lib : dda_vpfeBios.obj (.text)
                  8101e4e0    00000080     rts64plus.lib : cmpf.obj (.text:__cmpf)
                  8101e560    00000080                   : fixdu.obj (.text:__fixdu)
                  8101e5e0    00000080                   : renormd.obj (.text:__renormd)
                  8101e660    00000080     main.obj (.text)
                  8101e6e0    00000080     palos_bios_dbg.lib : pal_osprotect.obj (.text)
                  8101e760    00000060     rts64plus.lib : cvtfd.obj (.text:__cvtfd)
                  8101e7c0    00000060                   : ceil.obj (.text:_ceil)
                  8101e820    00000040                   : sinit.obj (.text:___add_dtor)
                  8101e860    00000040                   : fltuf.obj (.text:__fltuf)
                  8101e8a0    00000040                   : subd.obj (.text:__subd)
                  8101e8e0    00000020                   : divf.obj (.text:___isnanf)
                  8101e900    00000020                   : _lock.obj (.text:__nop)
                  8101e920    00000020                   : _lock.obj (.text:__register_lock)
                  8101e940    00000020                   : _lock.obj (.text:__register_unlock)
                  8101e960    00000020     bios.a64P : log_printf.o64P ($Tramp$S$$_LOG_printf)
                  8101e980    00000020               : clk_getltime.o64P ($Tramp$S$$_CLK_getltime)
                  8101e9a0    00000020               : mem_allo.o64P ($Tramp$S$$_MEM_alloc)
                  8101e9c0    00000020               : mem_free.o64P ($Tramp$S$$_MEM_free)
                  8101e9e0    00000020               : ecm_enableEvent.o64P ($Tramp$S$$_ECM_enableEvent)
                  8101ea00    00000020               : ecm_disableEvent.o64P ($Tramp$S$$_ECM_disableEvent)
                  8101ea20    00000020               : ecm_dispatchPlug.o64P ($Tramp$S$$_ECM_dispatchPlug)
                  8101ea40    00000020               : c62_c.o64P ($Tramp$S$$_C64_enableIER)
                  8101ea60    00000020               : gio_crea.o64P ($Tramp$S$$_GIO_create)
                  8101ea80    00000020               : gio_cntl.o64P ($Tramp$S$$_GIO_control)
                  8101eaa0    00000020               : gio_sbmt.o64P ($Tramp$S$$_GIO_submit)
                  8101eac0    00000020               : gio_dele.o64P ($Tramp$S$$_GIO_delete)
                  8101eae0    00000020               : hwi_c.o64P ($Tramp$S$$_HWI_disable)
                  8101eb00    00000020               : tsk_disa.o64P ($Tramp$S$$_TSK_disable)
                  8101eb20    00000020               : hwi_c.o64P ($Tramp$S$$_HWI_restore)
                  8101eb40    00000020               : tsk_disa.o64P ($Tramp$S$$_TSK_enable)
                  8101eb60    00000020               : clk_countspms.o64P ($Tramp$S$$_CLK_countspms)
                  8101eb80    00000020               : clk_getprd.o64P ($Tramp$S$$_CLK_getprd)
                  8101eba0    00000020               : sem_pend_counting.o64P ($Tramp$S$$_SEM_pend)
                  8101ebc0    00000020     biosDM420.a64P : bcache_block.o64P ($Tramp$S$$_BCACHE_inv)
                  8101ebe0    00000020                    : bcache_block.o64P ($Tramp$S$$_BCACHE_wb)
                  8101ec00    00000020     bios.a64P : sem_crea.o64P ($Tramp$S$$_SEM_create)
                  8101ec20    00000020               : sem_dele.o64P ($Tramp$S$$_SEM_delete)
                  8101ec40    00000020               : sem_post_asm.o64P ($Tramp$S$$_SEM_post)
                  8101ec60    00000020               : mem_defi.o64P ($Tramp$S$$_MEM_define)
                  8101ec80    00000020               : mem_unde.o64P ($Tramp$S$$_MEM_undefine)
                  8101eca0    00000020               : mem_vall.o64P ($Tramp$S$$_MEM_valloc)
                  8101ecc0    00000020               : lck.o64P ($Tramp$S$$_LCK_post)
                  8101ece0    00000020               : lck.o64P ($Tramp$S$$_LCK_pend)
                  8101ed00    00000020               : sys_abor.o64P ($Tramp$S$$_SYS_abort)

.stack     0    8101ed20    00008000     UNINITIALIZED
                  8101ed20    00008000     --HOLE--

.bios      0    81026d20    00005a40     
                  81026d20    000005c0     bios.a64P : sys_prin.o64P (.bios)
                  810272e0    000005c0     lnkrtdx.a64P : rtdx.o64P (.bios)
                  810278a0    00000520     bios.a64P : exc.o64P (.bios)
                  81027dc0    000004e0               : hwi_disp_asm.o64P (.bios)
                  810282a0    000004c0               : swi.o64P (.bios)
                  81028760    00000380               : prd.o64P (.bios)
                  81028ae0    000002a0               : gio_crea.o64P (.bios)
                  81028d80    00000280               : rta.o64P (.bios)
                  81029000    00000240               : knl_run.o64P (.bios)
                  81029240    00000240               : mem_defi.o64P (.bios)
                  81029480    00000220               : mem_rede.o64P (.bios)
                  810296a0    00000200               : mem_free.o64P (.bios:.near)
                  810298a0    00000200               : sem_pend.o64P (.bios)
                  81029aa0    000001e0               : mem_allo.o64P (.bios:.near)
                  81029c80    000001e0               : exc_asm.o64P (.bios)
                  81029e60    000001e0               : knl_tick.o64P (.bios)
                  8102a040    000001e0               : pip.o64P (.bios)
                  8102a220    000001c0               : gio_sbmt.o64P (.bios)
                  8102a3e0    000001c0               : sem_dopo.o64P (.bios)
                  8102a5a0    000001c0     biosDM420.a64P : bcache_block.o64P (.bios)
                  8102a760    000001a0     bios.a64P : tsk_setu.o64P (.bios)
                  8102a900    000001a0     biosDM420.a64P : clk.o64P (.bios)
                  8102aaa0    00000180     bios.a64P : knl_swit.o64P (.bios)
                  8102ac20    00000140               : autoinit.o64P (.bios)
                  8102ad60    00000140               : tsk_exit.o64P (.bios)
                  8102aea0    00000140     biosDM420.a64P : bcache_init.o64P (.bios)
                  8102afe0    00000120     bios.a64P : gbl_cacheinit64P.o64P (.bios)
                  8102b100    00000120               : knl_chec.o64P (.bios)
                  8102b220    00000120               : mem_unde.o64P (.bios)
                  8102b340    00000120               : tsk_stup.o64P (.bios)
                  8102b460    00000100               : ecm_dispatch.o64P (.bios)
                  8102b560    00000100               : gio_dele.o64P (.bios)
                  8102b660    000000e0               : sem_post_asm.o64P (.bios)
                  8102b740    000000c0               : dev_matc.o64P (.bios)
                  8102b800    000000c0               : knl_exit.o64P (.bios)
                  8102b8c0    000000a0               : sem_post.o64P (.bios)
                  8102b960    000000a0               : sys_exit.o64P (.bios)
                  8102ba00    00000080               : atm.o64P (.bios)
                  8102ba80    00000080               : gio_cbck.o64P (.bios)
                  8102bb00    00000080               : knl_ipos.o64P (.bios)
                  8102bb80    00000080               : knl_post.o64P (.bios)
                  8102bc00    00000080               : lck.o64P (.bios)
                  8102bc80    00000080               : log.o64P (.bios)
                  8102bd00    00000080               : obj_crea.o64P (.bios)
                  8102bd80    00000080               : sem_crea.o64P (.bios)
                  8102be00    00000080               : tsk_disa.o64P (.bios)
                  8102be80    00000080     biosDM420.a64P : bcache_wait.o64P (.bios)
                  8102bf00    00000080                    : idl_cal.o64P (.bios)
                  8102bf80    00000060     bios.a64P : mem_vall.o64P (.bios:.near)
                  8102bfe0    00000060               : sys_erro.o64P (.bios:.near)
                  8102c040    00000060               : ecm_dispatchPlug.o64P (.bios)
                  8102c0a0    00000060               : fxn.o64P (.bios)
                  8102c100    00000060               : hwi_c.o64P (.bios)
                  8102c160    00000060               : idl_busy.o64P (.bios)
                  8102c1c0    00000060               : obj_dele.o64P (.bios)
                  8102c220    00000060               : sem_pend_counting.o64P (.bios)
                  8102c280    00000060               : sts.o64P (.bios)
                  8102c2e0    00000060               : sys_abor.o64P (.bios)
                  8102c340    00000060               : utl_putc.o64P (.bios)
                  8102c3a0    00000060     biosDM420.a64P : clk_meas.o64P (.bios)
                  8102c400    00000040     bios.a64P : c62_c.o64P (.bios)
                  8102c440    00000040               : ecm_disableEvent.o64P (.bios)
                  8102c480    00000040               : ecm_enableEvent.o64P (.bios)
                  8102c4c0    00000040               : idl_stub.o64P (.bios)
                  8102c500    00000040               : que_get.o64P (.bios)
                  8102c540    00000040               : rta_andn.o64P (.bios)
                  8102c580    00000040               : utl_doab.o64P (.bios)
                  8102c5c0    00000020               : clk_countspms.o64P (.bios)
                  8102c5e0    00000020               : clk_getltime.o64P (.bios)
                  8102c600    00000020               : clk_getprd.o64P (.bios)
                  8102c620    00000020               : fxn_c.o64P (.bios)
                  8102c640    00000020               : gbl_vers.o64P (.bios)
                  8102c660    00000020               : gio_cntl.o64P (.bios)
                  8102c680    00000020               : idl.o64P (.bios)
                  8102c6a0    00000020               : log_printf.o64P (.bios)
                  8102c6c0    00000020               : sem_dele.o64P (.bios)
                  8102c6e0    00000020               : sts_set.o64P (.bios)
                  8102c700    00000020               : utl_doer.o64P (.bios)
                  8102c720    00000020               : utl_halt.o64P (.bios)
                  8102c740    00000020     biosDM420.a64P : clk_gethtime.o64P (.bios)

.far       0    8102c760    000045e4     UNINITIALIZED
                  8102c760    00002180     edma3_drv_bios_dbg.lib : edma3.obj (.far)
                  8102e8e0    00000dc8     edma3_rm_bios_dbg.lib : edma3resmgr.obj (.far)
                  8102f6a8    00000578     edma3_drv_bios_dbg.lib : edma3cfg.obj (.far)
                  8102fc20    000004b4     vpbe_bios_drv_dbg.lib : ddc_vpbe.obj (.far)
                  810300d4    00000004     bios.a64P : mem_defi.o64P (.far)
                  810300d8    0000024c     prev_bios_drv_dbg.lib : ddc_previewer.obj (.far)
                  81030324    00000004     biosDM420.a64P : bcache_wait.o64P (.far)
                  81030328    00000188     rts64plus.lib : atexit.obj (.far)
                  810304b0    0000014c     vpfe_bios_drv_dbg.lib : ddc_vpfe.obj (.far)
                  810305fc    00000004     biosDM420.a64P : clk_data.o64P (.far)
                  81030600    0000013c     i2c_bios_drv_dbg.lib : dda_i2ciom.obj (.far)
                  8103073c    00000004     rts64plus.lib : sinit.obj (.far)
                  81030740    00000100     vpbe_bios_drv_dbg.lib : dda_vpbeIom.obj (.far)
                  81030840    000000d8     bios.a64P : knl.o64P (.far)
                  81030918    000000c8     fonctions.obj (.far)
                  810309e0    000000c8     i2c_bios_drv_dbg.lib : ddc_i2c.obj (.far)
                  81030aa8    00000074     vpfe_bios_drv_dbg.lib : dda_vpfeIom.obj (.far)
                  81030b1c    0000005c     bios.a64P : tsk.o64P (.far)
                  81030b78    00000054               : obj_init.o64P (.far)
                  81030bcc    00000050               : tsk_stup.o64P (.far)
                  81030c1c    00000004     --HOLE--
                  81030c20    00000020               : sys.o64P (.far)
                  81030c40    00000020     bios_edma3_sample_cfg.obj (.far)
                  81030c60    00000020     bios_edma3_sample_init.obj (.far)
                  81030c80    0000001c     tvp5146_extDecoder.obj (.far)
                  81030c9c    00000018     i2cParams_evmdm6437.obj (.far)
                  81030cb4    00000018     rtdx64xplus.lib : rtdx_mon.o64P (.far)
                  81030ccc    00000010     bios.a64P : exc.o64P (.far)
                  81030cdc    00000010               : gio_cfg.o64P (.far)
                  81030cec    00000010               : knl_tick.o64P (.far)
                  81030cfc    0000000c               : utl_putc.o64P (.far)
                  81030d08    0000000c     prev_bios_drv_dbg.lib : dda_previewer.obj (.far)
                  81030d14    0000000c     rts64plus.lib : exit.obj (.far)
                  81030d20    00000008     bios.a64P : ecm_dispatch.o64P (.far)
                  81030d28    00000008               : gio.o64P (.far)
                  81030d30    00000008               : sem_crea.o64P (.far)
                  81030d38    00000008     rts64plus.lib : _lock.obj (.far)
                  81030d40    00000004     bios.a64P : dev_init.o64P (.far)

.args      0    81030d44    00000004     
                  81030d44    00000004     --HOLE-- [fill = 0]

.TACHEVIDEO$stk 
*          0    81030d48    00004000     UNINITIALIZED
                  81030d48    00004000     TP_DSPcfg.obj (.TACHEVIDEO$stk)

.cinit     0    81034d48    000022cc     
                  81034d48    00000fec     TP_DSPcfg.obj (.cinit)
                  81035d34    00000004     --HOLE-- [fill = 0]
                  81035d38    00000588     edma3_drv_bios_dbg.lib : edma3cfg.obj (.cinit)
                  810362c0    0000026c     bios.a64P : biosdata.o64P (.cinit)
                  8103652c    00000004     --HOLE-- [fill = 0]
                  81036530    000001a4               : knl.o64P (.cinit)
                  810366d4    00000004     --HOLE-- [fill = 0]
                  810366d8    000000bc     fonctions.obj (.cinit)
                  81036794    00000004     --HOLE-- [fill = 0]
                  81036798    000000b0     bios.a64P : swi.o64P (.cinit)
                  81036848    00000080               : tsk.o64P (.cinit)
                  810368c8    0000006a     edma3_drv_bios_dbg.lib : edma3.obj (.cinit)
                  81036932    00000006     --HOLE-- [fill = 0]
                  81036938    00000068     rtdx64xplus.lib : rtdx_mon.o64P (.cinit)
                  810369a0    00000060     bios.a64P : tsk_stup.o64P (.cinit)
                  81036a00    0000005c     lnkrtdx.a64P : rtdx.o64P (.cinit)
                  81036a5c    00000004     --HOLE-- [fill = 0]
                  81036a60    00000058     bios_edma3_sample_cfg.obj (.cinit)
                  81036ab8    00000058     vpbe_bios_drv_dbg.lib : dda_vpbeIom.obj (.cinit)
                  81036b10    00000058     vpfe_bios_drv_dbg.lib : dda_vpfeIom.obj (.cinit)
                  81036b68    0000004c     bios.a64P : rta.o64P (.cinit)
                  81036bb4    00000004     --HOLE-- [fill = 0]
                  81036bb8    0000004c     rtdx64xplus.lib : buffer1.o64P (.cinit)
                  81036c04    00000004     --HOLE-- [fill = 0]
                  81036c08    0000004a     edma3_rm_bios_dbg.lib : edma3resmgr.obj (.cinit)
                  81036c52    00000006     --HOLE-- [fill = 0]
                  81036c58    00000048     bios_edma3_sample_init.obj (.cinit)
                  81036ca0    00000044     prev_bios_drv_dbg.lib : dda_previewer.obj (.cinit)
                  81036ce4    00000004     --HOLE-- [fill = 0]
                  81036ce8    0000003c     bios.a64P : exc.o64P (.cinit)
                  81036d24    00000004     --HOLE-- [fill = 0]
                  81036d28    00000034               : hwi.o64P (.cinit)
                  81036d5c    00000004     --HOLE-- [fill = 0]
                  81036d60    00000034     prev_bios_drv_dbg.lib : ddc_previewer.obj (.cinit)
                  81036d94    00000004     --HOLE-- [fill = 0]
                  81036d98    0000002c     bios.a64P : utl_putc.o64P (.cinit)
                  81036dc4    00000004     --HOLE-- [fill = 0]
                  81036dc8    0000002c     rts64plus.lib : exit.obj (.cinit)
                  81036df4    00000004     --HOLE-- [fill = 0]
                  81036df8    00000024     bios.a64P : gio_cfg.o64P (.cinit)
                  81036e1c    00000004     --HOLE-- [fill = 0]
                  81036e20    00000024               : obj_init.o64P (.cinit)
                  81036e44    00000004     --HOLE-- [fill = 0]
                  81036e48    00000020     i2cParams_evmdm6437.obj (.cinit)
                  81036e68    00000020     i2c_bios_drv_dbg.lib : dda_i2ciom.obj (.cinit)
                  81036e88    0000001c     bios.a64P : exc_asm.o64P (.cinit)
                  81036ea4    00000004     --HOLE-- [fill = 0]
                  81036ea8    0000001c               : mem_defi.o64P (.cinit)
                  81036ec4    00000004     --HOLE-- [fill = 0]
                  81036ec8    0000001c               : sys.o64P (.cinit)
                  81036ee4    00000004     --HOLE-- [fill = 0]
                  81036ee8    0000001c     psp_i2c_interface.obj (.cinit)
                  81036f04    00000004     --HOLE-- [fill = 0]
                  81036f08    0000001c     rts64plus.lib : _lock.obj (.cinit)
                  81036f24    00000004     --HOLE-- [fill = 0]
                  81036f28    0000001c                   : atexit.obj (.cinit)
                  81036f44    00000004     --HOLE-- [fill = 0]
                  81036f48    00000018     bios.a64P : knl_tick.o64P (.cinit)
                  81036f60    00000010               : gio.o64P (.cinit)
                  81036f70    00000010               : sem_crea.o64P (.cinit)
                  81036f80    0000000e               : ecm_dispatch.o64P (.cinit)
                  81036f8e    00000002     --HOLE-- [fill = 0]
                  81036f90    0000000c               : idl_busy.o64P (.cinit)
                  81036f9c    00000004     --HOLE-- [fill = 0]
                  81036fa0    0000000c               : knl_swit.o64P (.cinit)
                  81036fac    00000004     --HOLE-- [fill = 0]
                  81036fb0    0000000c               : tsk_disa.o64P (.cinit)
                  81036fbc    00000004     --HOLE-- [fill = 0]
                  81036fc0    0000000c     biosDM420.a64P : bcache_wait.o64P (.cinit)
                  81036fcc    00000004     --HOLE-- [fill = 0]
                  81036fd0    0000000c     main.obj (.cinit)
                  81036fdc    00000004     --HOLE-- [fill = 0]
                  81036fe0    0000000c     prev_bios_drv_dbg.lib : llc_previewer.obj (.cinit)
                  81036fec    00000004     --HOLE-- [fill = 0]
                  81036ff0    0000000c     rts64plus.lib : sinit.obj (.cinit)
                  81036ffc    00000004     --HOLE-- [fill = 0]
                  81037000    0000000c     vpfe_bios_drv_dbg.lib : ddc_vpfe.obj (.cinit)
                  8103700c    00000004     --HOLE-- [fill = 0]
                  81037010    00000004     (.pad.cinit) [fill = 0]

.pinit     0    81037014    0000000c     
                  81037014    00000004     rtdx64xplus.lib : buffer1.o64P (.pinit)
                  81037018    00000004                     : rtdx_mon.o64P (.pinit)
                  8103701c    00000004     --HOLE-- [fill = 0]

.rtdx_text 
*          0    81037020    00000fc0     
                  81037020    000002a0     rtdx64xplus.lib : rtdx_mon.o64P (.rtdx_text:_HSRTDX_rec)
                  810372c0    00000260                     : buffer1.o64P (.rtdx_text:_RTDX_Buffer_WriteCB)
                  81037520    00000260                     : buffer1.o64P (.rtdx_text:_RTDX_write_next)
                  81037780    000001a0                     : rtdx_mon.o64P (.rtdx_text:_HSRTDX_xmt)
                  81037920    00000160                     : rtdx_mon.o64P (.rtdx_text:_RTDX_Send_To_Host)
                  81037a80    000000e0                     : rtdx_mon.o64P (.rtdx_text:_RTDX_Mon_Queue)
                  81037b60    000000e0                     : buffer1.o64P (.rtdx_text:_claim)
                  81037c40    000000a0                     : rtdx_mon.o64P (.rtdx_text:_RTDX_GetH2THeader)
                  81037ce0    000000a0                     : rtdx_mon.o64P (.rtdx_text:_RTDX_Poll)
                  81037d80    00000080                     : rtdx_mon.o64P (.rtdx_text:_RTDX_Final_RT_Monitor)
                  81037e00    00000060                     : buffer1.o64P (.rtdx_text:_RTDX_Buffer_Initialize)
                  81037e60    00000060                     : rtdx_mon.o64P (.rtdx_text:_RTDX_Init_RT_Monitor)
                  81037ec0    00000040                     : buffer2.o64P (.rtdx_text:_RTDX_Buffer_ReadCB)
                  81037f00    00000040                     : buffer1.o64P (.rtdx_text:_RTDX_Buffer_Size)
                  81037f40    00000040                     : memfill.o64P (.rtdx_text:_RTDX_memfill)
                  81037f80    00000020                     : buffer2.o64P (.rtdx_text:_RTDX_Buffer_Read)
                  81037fa0    00000020                     : buffer1.o64P (.rtdx_text:_RTDX_Buffer_Write)
                  81037fc0    00000020                     : intr_tgt.o64P (.rtdx_text)

.bss       0    81037fe0    00000824     UNINITIALIZED
                  81037fe0    00000430     TP_DSPcfg.obj (.bss)
                  81038410    00000100     bios.a64P : hwi_disp_asm.o64P (.bss)
                  81038510    000000cc               : biosdata.o64P (.bss)
                  810385dc    0000009c               : swi.o64P (.bss)
                  81038678    00000048               : knl.o64P (.bss)
                  810386c0    00000020               : exc_asm.o64P (.bss)
                  810386e0    0000001a     edma3_drv_bios_dbg.lib : edma3.obj (.bss)
                  810386fa    00000002     --HOLE--
                  810386fc    00000018     bios.a64P : hwi.o64P (.bss)
                  81038714    00000018     lnkrtdx.a64P : rtdx.o64P (.bss)
                  8103872c    00000010     bios.a64P : exc.o64P (.bss)
                  8103873c    00000010     rtdx64xplus.lib : buffer1.o64P (.bss)
                  8103874c    00000010                     : rtdx_mon.o64P (.bss)
                  8103875c    0000000e     edma3_rm_bios_dbg.lib : edma3resmgr.obj (.bss)
                  8103876a    00000002     --HOLE--
                  8103876c    0000000c     bios.a64P : tsk.o64P (.bss)
                  81038778    0000000c     bios_edma3_sample_cfg.obj (.bss)
                  81038784    0000000c     fonctions.obj (.bss)
                  81038790    0000000c     prev_bios_drv_dbg.lib : dda_previewer.obj (.bss)
                  8103879c    0000000c                           : llc_previewer.obj (.bss)
                  810387a8    00000008     bios.a64P : clk_data.o64P (.bss)
                  810387b0    00000008               : sys.o64P (.bss)
                  810387b8    00000008     bios_edma3_sample_init.obj (.bss)
                  810387c0    00000008     prev_bios_drv_dbg.lib : ddc_previewer.obj (.bss)
                  810387c8    00000008     psp_i2c_interface.obj (.bss)
                  810387d0    00000004     bios.a64P : clk_data2.o64P (.bss)
                  810387d4    00000004               : dev_init.o64P (.bss)
                  810387d8    00000004               : gio_cfg.o64P (.bss)
                  810387dc    00000004               : idl_busy.o64P (.bss)
                  810387e0    00000004               : mem_asm.o64P (.bss)
                  810387e4    00000004               : mem_defi.o64P (.bss)
                  810387e8    00000004               : tsk_disa.o64P (.bss)
                  810387ec    00000004     main.obj (.bss)
                  810387f0    00000004     vpbe_bios_drv_dbg.lib : llc_vpbeCursor.obj (.bss)
                  810387f4    00000004                           : llc_vpbeOsd.obj (.bss)
                  810387f8    00000004                           : llc_vpbeVenc.obj (.bss)
                  810387fc    00000004     vpfe_bios_drv_dbg.lib : ddc_vpfe.obj (.bss)
                  81038800    00000004                           : llc_vpfeCcdc.obj (.bss)

.hst1      0    81038804    00000010     UNINITIALIZED
                  81038804    00000010     TP_DSPcfg.obj (.hst1)

.trcdata   0    81038814    0000000c     
                  81038814    0000000c     bios.a64P : trc.o64P (.trcdata)

.sysinit   0    81038820    000007c0     
                  81038820    000003c0     TP_DSPcfg.obj (.sysinit)
                  81038be0    00000120     bios.a64P : dev_init.o64P (.sysinit)
                  81038d00    000000e0     biosDM420.a64P : clk_enable64LcTimer.o64P (.sysinit)
                  81038de0    000000c0     bios.a64P : boot.o64P (.sysinit)
                  81038ea0    000000a0               : mem_init.o64P (.sysinit)
                  81038f40    00000060               : tsk_init.o64P (.sysinit)
                  81038fa0    00000020               : gio.o64P (.sysinit)
                  81038fc0    00000020               : obj_init.o64P (.sysinit)

.const     0    81038fe0    00000681     
                  81038fe0    00000289     prev_bios_drv_dbg.lib : ddc_previewer.obj (.const)
                  81039269    00000193     bios.a64P : exc.o64P (.const)
                  810393fc    000000a2     prev_bios_drv_dbg.lib : dda_previewer.obj (.const)
                  8103949e    0000004e     bios.a64P : tsk_stup.o64P (.const)
                  810394ec    00000032               : mem_rede.o64P (.const)
                  8103951e    00000002     --HOLE-- [fill = 0]
                  81039520    0000002c     fonctions.obj (.const:.string)
                  8103954c    0000002c     i2c_bios_drv_dbg.lib : ddc_i2c.obj (.const)
                  81039578    00000023     bios.a64P : utl_doab.o64P (.const)
                  8103959b    00000022               : utl_doer.o64P (.const)
                  810395bd    00000020               : dev_init.o64P (.const)
                  810395dd    00000003     --HOLE-- [fill = 0]
                  810395e0    00000017     vpbe_bios_drv_dbg.lib : ddc_vpbe.obj (.const)
                  810395f7    00000001     --HOLE-- [fill = 0]
                  810395f8    00000017     vpfe_bios_drv_dbg.lib : ddc_vpfe.obj (.const)
                  8103960f    00000014     TP_DSPcfg.obj (.const)
                  81039623    00000004     bios.a64P : gio_crea.o64P (.const)
                  81039627    00000001     --HOLE-- [fill = 0]
                  81039628    00000011               : sys_prin.o64P (.const:_digtohex)
                  81039639    00000007               : sys_prin.o64P (.const)
                  81039640    00000008     rts64plus.lib : divf.obj (.const:_initial_approx$1)
                  81039648    00000008     bios_edma3_sample_init.obj (.const)
                  81039650    00000004     bios.a64P : mem_allo.o64P (.const)
                  81039654    00000004               : mem_free.o64P (.const)
                  81039658    00000004               : mem_unde.o64P (.const)
                  8103965c    00000001               : sem_crea.o64P (.const)
                  8103965d    00000003     --HOLE-- [fill = 0]
                  81039660    00000001               : tsk.o64P (.const)

.printf    0    81039661    00000059     COPY SECTION
                  81039661    00000059     TP_DSPcfg.obj (.printf)

.idl       0    81039664    00000010     UNINITIALIZED
                  81039664    00000010     TP_DSPcfg.obj (.idl)

.clk       0    81039674    00000008     UNINITIALIZED
                  81039674    00000008     TP_DSPcfg.obj (.clk)

.mem       0    8103967c    00000004     UNINITIALIZED
                  8103967c    00000004     TP_DSPcfg.obj (.mem)

.rtdx_data 
*          0    81039680    000004f4     UNINITIALIZED
                  81039680    00000080     --HOLE--
                  81039700    00000410     TP_DSPcfg.obj (.rtdx_data)
                  81039b10    00000044     rtdx64xplus.lib : rtdx_mon.o64P (.rtdx_data)
                  81039b54    00000020                     : buffer1.o64P (.rtdx_data)

.TSK_idle$stk 
*          0    81039b78    00000400     UNINITIALIZED
                  81039b78    00000400     TP_DSPcfg.obj (.TSK_idle$stk)

.switch    0    81039f78    0000035c     
                  81039f78    000000d0     vpbe_bios_drv_dbg.lib : llc_vpbeOsd.obj (.switch)
                  8103a048    000000b8     edma3_drv_bios_dbg.lib : edma3.obj (.switch)
                  8103a100    00000040     edma3_rm_bios_dbg.lib : edma3resmgr.obj (.switch)
                  8103a140    00000040     i2c_bios_drv_dbg.lib : ddc_i2c.obj (.switch)
                  8103a180    00000040     vpfe_bios_drv_dbg.lib : ddc_vpfeCcdc.obj (.switch)
                  8103a1c0    00000030     prev_bios_drv_dbg.lib : llc_previewer.obj (.switch)
                  8103a1f0    0000002c     vpbe_bios_drv_dbg.lib : dda_vpbe.obj (.switch)
                  8103a21c    00000028     prev_bios_drv_dbg.lib : ddc_previewer.obj (.switch)
                  8103a244    00000020     vpbe_bios_drv_dbg.lib : ddc_vpbeVenc.obj (.switch)
                  8103a264    00000018     prev_bios_drv_dbg.lib : dda_previewer.obj (.switch)
                  8103a27c    00000014     bios_edma3_sample_cs.obj (.switch:_edma3OsProtectEntry)
                  8103a290    00000014     bios_edma3_sample_cs.obj (.switch:_edma3OsProtectExit)
                  8103a2a4    00000010     i2c_bios_drv_dbg.lib : dda_i2ciom.obj (.switch)
                  8103a2b4    00000010     vpbe_bios_drv_dbg.lib : ddc_vpbeOsd.obj (.switch)
                  8103a2c4    00000010     vpfe_bios_drv_dbg.lib : dda_vpfe.obj (.switch)

.hst0      0    8103a2d4    00000100     UNINITIALIZED
                  8103a2d4    00000100     TP_DSPcfg.obj (.hst0)

.swi       0    8103a3d4    0000002c     UNINITIALIZED
                  8103a3d4    0000002c     TP_DSPcfg.obj (.swi)

.hwi_vec   0    8103a400    00000200     
                  8103a400    00000200     TP_DSPcfg.obj (.hwi_vec)

.trace     0    8103a600    00000200     
                  8103a600    00000200     --HOLE-- [fill = 00000000]

.pip       0    8103a800    000000c8     UNINITIALIZED
                  8103a800    000000c8     TP_DSPcfg.obj (.pip)

.tsk       0    8103a8c8    000000c0     UNINITIALIZED
                  8103a8c8    000000c0     TP_DSPcfg.obj (.tsk)

.devtable 
*          0    8103a988    0000006c     UNINITIALIZED
                  8103a988    0000006c     TP_DSPcfg.obj (.devtable)

.gblinit   0    8103a9f4    00000064     
                  8103a9f4    00000064     TP_DSPcfg.obj (.gblinit)

.log       0    8103aa58    00000048     
                  8103aa58    00000048     TP_DSPcfg.obj (.log)

.sts       0    8103aaa0    00000040     
                  8103aaa0    00000040     TP_DSPcfg.obj (.sts)

.hst       0    8103aae0    0000003c     UNINITIALIZED
                  8103aae0    0000003c     TP_DSPcfg.obj (.hst)

.idlcal    0    8103ab1c    00000010     UNINITIALIZED
                  8103ab1c    00000010     TP_DSPcfg.obj (.idlcal)

.sys       0    8103ab2c    00000010     UNINITIALIZED
                  8103ab2c    00000010     TP_DSPcfg.obj (.sys)


FAR CALL TRAMPOLINES

callee name               trampoline name
   callee addr  tramp addr   call addr  call info
--------------  -----------  ---------  ----------------
$.bios:bios.a64P<log_printf.o64P>$0x0  $Tramp$S$$_LOG_printf
   8102c6a0     8101e960     8100b8f8   prev_bios_drv_dbg.lib : ddc_previewer.obj (.text)
                             8100b998                         : ddc_previewer.obj (.text)
                             8100ba24                         : ddc_previewer.obj (.text)
                             8100bb6c                         : ddc_previewer.obj (.text)
                             8100bc14                         : ddc_previewer.obj (.text)
                             8100bd74                         : ddc_previewer.obj (.text)
                             8100bdf0                         : ddc_previewer.obj (.text)
                             8100beb4                         : ddc_previewer.obj (.text)
                             8100bf34                         : ddc_previewer.obj (.text)
                             8100bfd4                         : ddc_previewer.obj (.text)
                             8100c054                         : ddc_previewer.obj (.text)
                             8100c130                         : ddc_previewer.obj (.text)
                             8100c1d4                         : ddc_previewer.obj (.text)
                             8100c274                         : ddc_previewer.obj (.text)
                             8100c2f8                         : ddc_previewer.obj (.text)
                             8100c3e0                         : ddc_previewer.obj (.text)
                             8100c480                         : ddc_previewer.obj (.text)
                             8100c4f0                         : ddc_previewer.obj (.text)
                             8100c56c                         : ddc_previewer.obj (.text)
                             8100c628                         : ddc_previewer.obj (.text)
                             8100c6e0                         : ddc_previewer.obj (.text)
                             8100c72c                         : ddc_previewer.obj (.text)
                             8100c780                         : ddc_previewer.obj (.text)
                             8100c7e4                         : ddc_previewer.obj (.text)
                             8100c808                         : ddc_previewer.obj (.text)
                             8100c868                         : ddc_previewer.obj (.text)
                             8100c88c                         : ddc_previewer.obj (.text)
                             8100c900                         : ddc_previewer.obj (.text)
                             8100c920                         : ddc_previewer.obj (.text)
                             8100c984                         : ddc_previewer.obj (.text)
                             8100ca10                         : ddc_previewer.obj (.text)
                             8100ca74                         : ddc_previewer.obj (.text)
                             8100cb10                         : ddc_previewer.obj (.text)
                             8100cb34                         : ddc_previewer.obj (.text)
                             8100cbe0                         : ddc_previewer.obj (.text)
                             8100cc04                         : ddc_previewer.obj (.text)
                             8100cc48                         : ddc_previewer.obj (.text)
                             8100ccf8                         : ddc_previewer.obj (.text)
                             8100cd88                         : ddc_previewer.obj (.text)
                             8100cdac                         : ddc_previewer.obj (.text)
                             8100ce60                         : ddc_previewer.obj (.text)
                             8100ce84                         : ddc_previewer.obj (.text)
                             8100ceb4                         : ddc_previewer.obj (.text)
                             8100cf64                         : ddc_previewer.obj (.text)
                             8100cfd4                         : ddc_previewer.obj (.text)
                             8100d0c0                         : ddc_previewer.obj (.text)
                             8100d130                         : ddc_previewer.obj (.text)
                             8100d1b0                         : ddc_previewer.obj (.text)
                             8100d270                         : ddc_previewer.obj (.text)
                             8100d344                         : ddc_previewer.obj (.text)
                             8100d3b4                         : ddc_previewer.obj (.text)
                             8100d448                         : ddc_previewer.obj (.text)
                             8100d4f0                         : ddc_previewer.obj (.text)
                             8100d578                         : ddc_previewer.obj (.text)
                             8100d5a0                         : ddc_previewer.obj (.text)
                             8100d7cc                         : ddc_previewer.obj (.text)
                             8100d840                         : ddc_previewer.obj (.text)
                             8100d9a0                         : ddc_previewer.obj (.text)
                             8100da74                         : ddc_previewer.obj (.text)
                             8100db40                         : ddc_previewer.obj (.text)
                             8100dc18                         : ddc_previewer.obj (.text)
                             8100dd50                         : ddc_previewer.obj (.text)
                             8100de0c                         : ddc_previewer.obj (.text)
                             8100ded4                         : ddc_previewer.obj (.text)
                             8100df48                         : ddc_previewer.obj (.text)
                             8100dfd8                         : ddc_previewer.obj (.text)
                             8100e0f8                         : ddc_previewer.obj (.text)
                             8100e198                         : ddc_previewer.obj (.text)
                             8100e208                         : ddc_previewer.obj (.text)
                             8100e284                         : ddc_previewer.obj (.text)
                             81016644                         : dda_previewer.obj (.text)
                             810166f0                         : dda_previewer.obj (.text)
                             810167a0                         : dda_previewer.obj (.text)
                             8101684c                         : dda_previewer.obj (.text)
                             81016990                         : dda_previewer.obj (.text)
                             810169b4                         : dda_previewer.obj (.text)
                             81016ae8                         : dda_previewer.obj (.text)
                             81016bcc                         : dda_previewer.obj (.text)
                             81016c80                         : dda_previewer.obj (.text)
                             81016d68                         : dda_previewer.obj (.text)
                             81016eb0                         : dda_previewer.obj (.text)
                             81016fe4                         : dda_previewer.obj (.text)
                             8101706c                         : dda_previewer.obj (.text)
                             810170f0                         : dda_previewer.obj (.text)
                             8101c704   fonctions.obj (.text)
$.bios:bios.a64P<clk_getltime.o64P>$0x0  $Tramp$S$$_CLK_getltime
   8102c5e0     8101e980     81015148   vpbe_bios_drv_dbg.lib : ddc_vpbe.obj (.text)
                             810160d4   vpfe_bios_drv_dbg.lib : ddc_vpfe.obj (.text)
$.bios:.near:bios.a64P<mem_allo.o64P>$0x0  $Tramp$S$$_MEM_alloc
   81029aa0     8101e9a0     81016814   prev_bios_drv_dbg.lib : dda_previewer.obj (.text)
$.bios:.near:bios.a64P<mem_free.o64P>$0x0  $Tramp$S$$_MEM_free
   810296a0     8101e9c0     81016920   prev_bios_drv_dbg.lib : dda_previewer.obj (.text)
                             81016e2c                         : dda_previewer.obj (.text)
                             8101cee0   palos_bios_dbg.lib : pal_osmem.obj (.text)
$.bios:bios.a64P<ecm_enableEvent.o64P>$0x0  $Tramp$S$$_ECM_enableEvent
   8102c480     8101e9e0     81017214   prev_bios_drv_dbg.lib : dda_previewer.obj (.text)
                             8101c8e0   bios_edma3_sample_cs.obj (.text)
                             8101c8ec   bios_edma3_sample_cs.obj (.text)
                             8101c908   bios_edma3_sample_cs.obj (.text)
                             8101d944   i2c_bios_drv_dbg.lib : dda_i2cbios.obj (.text)
                             8101e1f8   vpbe_bios_drv_dbg.lib : dda_vpbeBios.obj (.text)
                             8101e48c   vpfe_bios_drv_dbg.lib : dda_vpfeBios.obj (.text)
$.bios:bios.a64P<ecm_disableEvent.o64P>$0x0  $Tramp$S$$_ECM_disableEvent
   8102c440     8101ea00     810171f0   prev_bios_drv_dbg.lib : dda_previewer.obj (.text)
                             810172a8                         : dda_previewer.obj (.text)
                             8101c840   bios_edma3_sample_cs.obj (.text)
                             8101c84c   bios_edma3_sample_cs.obj (.text)
                             8101c86c   bios_edma3_sample_cs.obj (.text)
                             8101d980   i2c_bios_drv_dbg.lib : dda_i2cbios.obj (.text)
                             8101e230   vpbe_bios_drv_dbg.lib : dda_vpbeBios.obj (.text)
                             8101e4c0   vpfe_bios_drv_dbg.lib : dda_vpfeBios.obj (.text)
$.bios:bios.a64P<ecm_dispatchPlug.o64P>$0x0  $Tramp$S$$_ECM_dispatchPlug
   8102c040     8101ea20     81017208   prev_bios_drv_dbg.lib : dda_previewer.obj (.text)
                             8101d914   i2c_bios_drv_dbg.lib : dda_i2cbios.obj (.text)
                             8101e1ec   vpbe_bios_drv_dbg.lib : dda_vpbeBios.obj (.text)
                             8101e480   vpfe_bios_drv_dbg.lib : dda_vpfeBios.obj (.text)
$.bios:bios.a64P<c62_c.o64P>$0x18  $Tramp$S$$_C64_enableIER
   8102c418     8101ea40     81017220   prev_bios_drv_dbg.lib : dda_previewer.obj (.text)
                             8101d954   i2c_bios_drv_dbg.lib : dda_i2cbios.obj (.text)
                             8101e208   vpbe_bios_drv_dbg.lib : dda_vpbeBios.obj (.text)
                             8101e4a0   vpfe_bios_drv_dbg.lib : dda_vpfeBios.obj (.text)
$.bios:bios.a64P<gio_crea.o64P>$0x0  $Tramp$S$$_GIO_create
   81028ae0     8101ea60     8101c48c   fonctions.obj (.text)
                             8101c554   fonctions.obj (.text)
                             8101c604   fonctions.obj (.text)
$.bios:bios.a64P<gio_cntl.o64P>$0x0  $Tramp$S$$_GIO_control
   8102c660     8101ea80     8101c4bc   fonctions.obj (.text)
$.bios:bios.a64P<gio_sbmt.o64P>$0x0  $Tramp$S$$_GIO_submit
   8102a220     8101eaa0     8101c4f4   fonctions.obj (.text)
                             8101c518   fonctions.obj (.text)
                             8101c5a4   fonctions.obj (.text)
                             8101c5c8   fonctions.obj (.text)
                             8101c628   fonctions.obj (.text)
                             8101c644   fonctions.obj (.text)
                             8101c664   fonctions.obj (.text)
                             8101c714   fonctions.obj (.text)
                             8101c748   fonctions.obj (.text)
                             8101c778   fonctions.obj (.text)
                             8101c798   fonctions.obj (.text)
$.bios:bios.a64P<gio_dele.o64P>$0x0  $Tramp$S$$_GIO_delete
   8102b560     8101eac0     8101c7c0   fonctions.obj (.text)
                             8101c7c8   fonctions.obj (.text)
                             8101c7d0   fonctions.obj (.text)
$.bios:bios.a64P<hwi_c.o64P>$0x0  $Tramp$S$$_HWI_disable
   8102c100     8101eae0     8101c824   bios_edma3_sample_cs.obj (.text)
                             8101e6f4   palos_bios_dbg.lib : pal_osprotect.obj (.text)
$.bios:bios.a64P<tsk_disa.o64P>$0x24  $Tramp$S$$_TSK_disable
   8102be24     8101eb00     8101c838   bios_edma3_sample_cs.obj (.text)
                             8101e70c   palos_bios_dbg.lib : pal_osprotect.obj (.text)
$.bios:bios.a64P<hwi_c.o64P>$0x2c  $Tramp$S$$_HWI_restore
   8102c12c     8101eb20     8101c8cc   bios_edma3_sample_cs.obj (.text)
                             8101e734   palos_bios_dbg.lib : pal_osprotect.obj (.text)
$.bios:bios.a64P<tsk_disa.o64P>$0x0  $Tramp$S$$_TSK_enable
   8102be00     8101eb40     8101c8d8   bios_edma3_sample_cs.obj (.text)
                             8101e748   palos_bios_dbg.lib : pal_osprotect.obj (.text)
$.bios:bios.a64P<clk_countspms.o64P>$0x0  $Tramp$S$$_CLK_countspms
   8102c5c0     8101eb60     8101c960   bios_edma3_sample_cs.obj (.text)
                             8101e0f4   palos_bios_dbg.lib : pal_osWait.obj (.text)
                             8101e158                      : pal_osWait.obj (.text)
$.bios:bios.a64P<clk_getprd.o64P>$0x0  $Tramp$S$$_CLK_getprd
   8102c600     8101eb80     8101c964   bios_edma3_sample_cs.obj (.text)
                             8101e100   palos_bios_dbg.lib : pal_osWait.obj (.text)
                             8101e160                      : pal_osWait.obj (.text)
$.bios:bios.a64P<sem_pend_counting.o64P>$0x0  $Tramp$S$$_SEM_pend
   8102c220     8101eba0     8101c988   bios_edma3_sample_cs.obj (.text)
                             8101ca84   bios_edma3_sample_cs.obj (.text)
                             8101dbb0   palos_bios_dbg.lib : pal_ossem.obj (.text)
                             8101e128                      : pal_osWait.obj (.text)
$.bios:biosDM420.a64P<bcache_block.o64P>$0x194  $Tramp$S$$_BCACHE_inv
   8102a734     8101ebc0     8101c9ac   bios_edma3_sample_cs.obj (.text)
$.bios:biosDM420.a64P<bcache_block.o64P>$0x184  $Tramp$S$$_BCACHE_wb
   8102a724     8101ebe0     8101c9cc   bios_edma3_sample_cs.obj (.text)
$.bios:bios.a64P<sem_crea.o64P>$0x0  $Tramp$S$$_SEM_create
   8102bd80     8101ec00     8101ca04   bios_edma3_sample_cs.obj (.text)
                             8101db48   palos_bios_dbg.lib : pal_ossem.obj (.text)
$.bios:bios.a64P<sem_dele.o64P>$0x0  $Tramp$S$$_SEM_delete
   8102c6c0     8101ec20     8101ca50   bios_edma3_sample_cs.obj (.text)
                             8101db88   palos_bios_dbg.lib : pal_ossem.obj (.text)
$.bios:bios.a64P<sem_post_asm.o64P>$0x0  $Tramp$S$$_SEM_post
   8102b660     8101ec40     8101cacc   bios_edma3_sample_cs.obj (.text)
                             8101dbf0   palos_bios_dbg.lib : pal_ossem.obj (.text)
$.bios:bios.a64P<mem_defi.o64P>$0x0  $Tramp$S$$_MEM_define
   81029240     8101ec60     8101ce28   palos_bios_dbg.lib : pal_osmem.obj (.text)
$.bios:bios.a64P<mem_unde.o64P>$0x0  $Tramp$S$$_MEM_undefine
   8102b220     8101ec80     8101ce54   palos_bios_dbg.lib : pal_osmem.obj (.text)
$.bios:.near:bios.a64P<mem_vall.o64P>$0x0  $Tramp$S$$_MEM_valloc
   8102bf80     8101eca0     8101ce8c   palos_bios_dbg.lib : pal_osmem.obj (.text)
$.bios:bios.a64P<lck.o64P>$0x0  $Tramp$S$$_LCK_post
   8102bc00     8101ecc0     8101e020   bios.a64P : tsk_stup.o64P (.text)
$.bios:bios.a64P<lck.o64P>$0x20  $Tramp$S$$_LCK_pend
   8102bc20     8101ece0     8101e084   bios.a64P : tsk_stup.o64P (.text)
$.bios:bios.a64P<sys_abor.o64P>$0x0  $Tramp$S$$_SYS_abort
   8102c2e0     8101ed00     8101e088   bios.a64P : tsk_stup.o64P (.text)
                             8101e0a4             : tsk_stup.o64P (.text)

[30 trampolines]
[165 trampoline calls]


GLOBAL SYMBOLS: SORTED ALPHABETICALLY BY Name 

address    name
--------   ----
81037fe0   $bss
81037fe0   .bss
80000000   .data
81000000   .text
810389e4   BIOS$$CLKOFF
810389a4   BIOS$$CLKON
81038820   BIOS_init
81038aa0   BIOS_start
00000000   BUF$
00000001   BUF_ENABLED
ffffffff   CACHE_L1D
ffffffff   CACHE_L1P
00000001   CLK$
81039674   CLK_A_TABBEG
00000001   CLK_CALDIV
00000001   CLK_CALMULT
00091050   CLK_COUNTSPMS
00000009   CLK_COUNTSPMSHIGH
81038538   CLK_D_idletime
81038534   CLK_D_isrhook
81038530   CLK_D_tabbeg
8103852c   CLK_D_timefxn
00000001   CLK_ENABLEHTIME
8102c740   CLK_F_gethtime
8102a900   CLK_F_getltime
8102a910   CLK_F_isr
8102aa50   CLK_F_itime
81027dc0   CLK_HOOKFXN
00000001   CLK_HTIMEDIV
00000001   CLK_HTIMEMULT
00091050   CLK_HTIMEPERLTIME
00006978   CLK_INPUTCLK
00008000   CLK_INTBIT
00000001   CLK_LTIMEDIV
00091050   CLK_LTIMEMULT
000003e8   CLK_MICROSECS
00006978   CLK_PRD
00000000   CLK_PRDHIGH
01c21800   CLK_REGS
00000001   CLK_RESETTIMER
81038528   CLK_R_time
00000020   CLK_TCR
00000000   CLK_TDDR
00000000   CLK_TDDRHIGH
8102c740   CLK_TIMEFXN
00000001   CLK_TIMERNUM
00000005   CLK_TIMMODE
00000001   CLK_USETIMER
81039678   CLK_null
810383ec   DDR2
80000000   DDR2$B
01000000   DDR2$L
00000000   DEV$
00000000   DGN$
00000000   DHL$
00000000   DHL_gChannelsAvailable
00000000   DIO$
00000000   DIO_NUMSWIBASE
00000000   DIO_NUMTSKBASE
00000000   DIO_STATIC
00000000   DPI$
8103aa88   DVTEvent_Log
10800000   DVTEvent_Log$buf
00000001   DVTEvent_Log$datatype
00000000   DVTEvent_Log$log
00002000   DVTEvent_Log$size
00000001   ECM$
00000001   ECM_ENABLE
ffffffff   ECM_EVTMASK0
ffffffff   ECM_EVTMASK1
ffffffff   ECM_EVTMASK2
ffffffff   ECM_EVTMASK3
0000000a   EVENT10
00000064   EVENT100
00000065   EVENT101
00000066   EVENT102
00000067   EVENT103
00000068   EVENT104
00000069   EVENT105
0000006a   EVENT106
0000006b   EVENT107
0000006c   EVENT108
0000006d   EVENT109
0000000b   EVENT11
0000006e   EVENT110
0000006f   EVENT111
00000070   EVENT112
00000071   EVENT113
00000072   EVENT114
00000073   EVENT115
00000074   EVENT116
00000075   EVENT117
00000076   EVENT118
00000077   EVENT119
0000000c   EVENT12
00000078   EVENT120
00000079   EVENT121
0000007a   EVENT122
0000007b   EVENT123
0000007c   EVENT124
0000007d   EVENT125
0000007e   EVENT126
0000007f   EVENT127
0000000d   EVENT13
0000000e   EVENT14
0000000f   EVENT15
00000010   EVENT16
00000011   EVENT17
00000012   EVENT18
00000013   EVENT19
00000014   EVENT20
00000015   EVENT21
00000016   EVENT22
00000017   EVENT23
00000018   EVENT24
00000019   EVENT25
0000001a   EVENT26
0000001b   EVENT27
0000001c   EVENT28
0000001d   EVENT29
0000001e   EVENT30
0000001f   EVENT31
00000020   EVENT32
00000021   EVENT33
00000022   EVENT34
00000023   EVENT35
00000024   EVENT36
00000025   EVENT37
00000026   EVENT38
00000027   EVENT39
00000004   EVENT4
00000028   EVENT40
00000029   EVENT41
0000002a   EVENT42
0000002b   EVENT43
0000002c   EVENT44
0000002d   EVENT45
0000002e   EVENT46
0000002f   EVENT47
00000030   EVENT48
00000031   EVENT49
00000005   EVENT5
00000032   EVENT50
00000033   EVENT51
00000034   EVENT52
00000035   EVENT53
00000036   EVENT54
00000037   EVENT55
00000038   EVENT56
00000039   EVENT57
0000003a   EVENT58
0000003b   EVENT59
00000006   EVENT6
0000003c   EVENT60
0000003d   EVENT61
0000003e   EVENT62
0000003f   EVENT63
00000040   EVENT64
00000041   EVENT65
00000042   EVENT66
00000043   EVENT67
00000044   EVENT68
00000045   EVENT69
00000007   EVENT7
00000046   EVENT70
00000047   EVENT71
00000048   EVENT72
00000049   EVENT73
0000004a   EVENT74
0000004b   EVENT75
0000004c   EVENT76
0000004d   EVENT77
0000004e   EVENT78
0000004f   EVENT79
00000008   EVENT8
00000050   EVENT80
00000051   EVENT81
00000052   EVENT82
00000053   EVENT83
00000054   EVENT84
00000055   EVENT85
00000056   EVENT86
00000057   EVENT87
00000058   EVENT88
00000059   EVENT89
00000009   EVENT9
0000005a   EVENT90
0000005b   EVENT91
0000005c   EVENT92
0000005d   EVENT93
0000005e   EVENT94
0000005f   EVENT95
00000060   EVENT96
00000061   EVENT97
00000062   EVENT98
00000063   EVENT99
8102c0a0   FXN_F_nop
8102c0a4   FXN_F_run
8102c0e0   FXN_F_zero
00000001   GBL$
00005205   GBL_A_VERSION
00000000   GBL_BCACHEREADADDR0
00000000   GBL_BCACHEREADADDR1
00000000   GBL_BCACHEREADADDR2
00000000   GBL_BIGENDIAN
00000000   GBL_CACHE
00000000   GBL_CALLCSLCFGINIT
00004e20   GBL_CLKIN
00001918   GBL_CLKTYPE
00001963   GBL_DSPSUBTYPE
0000003e   GBL_DSPTYPE
00000001   GBL_ENABLEINST
00000000   GBL_ENABLE_SK
00000042   GBL_FOOTPRINT
00091050   GBL_FREQ
00000000   GBL_GEMTRUECOMPEN
00000007   GBL_L1DMODE
00000007   GBL_L1PMODE
00000001   GBL_L2CONFIGURE
00000000   GBL_L2MAR0_31
0000ffff   GBL_L2MAR128_159
00000000   GBL_L2MAR160_191
00000000   GBL_L2MAR192_223
00000000   GBL_L2MAR224_255
00000000   GBL_L2MAR32_63
00000000   GBL_L2MAR64_95
00000000   GBL_L2MAR96_127
00000000   GBL_L2MODE
00000000   GBL_NULL
00000000   GBL_PROCID
00000000   GBL_ROM
00000000   GBL_SUPPORTCSL
0000dbef   GBL_TRCMASKVALUE
00000000   GBL_USERINIT
8102c620   GBL_USERINITFXN
00000001   GBL_boot
8103881c   GBL_initdone
8101ed20   GBL_stackbeg
81026d1f   GBL_stackend
00000000   GIO$
8102c620   GIO_CREATEFXN
8102c620   GIO_DELETEFXN
8102c620   GIO_PENDFXN
8102c620   GIO_POSTFXN
00000000   HOOK$
00000000   HOOK_KNLID
00000001   HST$
8103aae0   HST_A_TABBEG
8103ab1c   HST_A_TABEND
00000000   HST_DSM
810383ec   HST_DSMBUFSEG
00000400   HST_DSMMEMSIZE
810385a4   HST_D_chanmask
810385a8   HST_D_tabbeg
810385ac   HST_D_tabend
000000ff   HST_MAXFRAMEALLOWED
00000040   HST_MAXFRAMESET
00000000   HST_NONE
00000001   HST_RTDX
00000001   HWI$
8103a400   HWI_A_VECS
00009f88   HWI_CFGDISPATCHED
8103870c   HWI_D_bss
81038710   HWI_D_ccmask
810386fc   HWI_D_spsave
00000001   HWI_ENABLE_EXC
81027dc0   HWI_F_dispatch
00000000   HWI_GENERATE_RESET_VEC
0000000a   HWI_INT10
00000000   HWI_INT10$hwi
0000000b   HWI_INT11
00000000   HWI_INT11$hwi
0000000c   HWI_INT12
00000000   HWI_INT12$hwi
0000000d   HWI_INT13
00000000   HWI_INT13$hwi
0000000e   HWI_INT14
00000000   HWI_INT14$hwi
0000000f   HWI_INT15
00000000   HWI_INT15$hwi
00000004   HWI_INT4
00000000   HWI_INT4$hwi
00000005   HWI_INT5
00000000   HWI_INT5$hwi
00000006   HWI_INT6
00000000   HWI_INT6$hwi
00000007   HWI_INT7
00000000   HWI_INT7$hwi
00000008   HWI_INT8
00000000   HWI_INT8$hwi
00000009   HWI_INT9
00000000   HWI_INT9$hwi
00060504   HWI_INTRMUX1
0b030201   HWI_INTRMUX2
06040d0c   HWI_INTRMUX3
00000001   HWI_NMI
00000000   HWI_NMI$hwi
00000000   HWI_POLARITYMASK
00000002   HWI_RESERVED0
00000000   HWI_RESERVED0$hwi
00000003   HWI_RESERVED1
00000000   HWI_RESERVED1$hwi
00000000   HWI_RESET
00000000   HWI_RESET$hwi
00000000   HWI_ZEROTAB
00000001   IDL$
8103ab1c   IDL_A_CALBEG
81039664   IDL_A_TABBEG
00000006   IDL_CALIBRERROR
8102c4c0   IDL_CALIBRFXN
810387dc   IDL_D_busyObj
81038518   IDL_D_calbeg
81038514   IDL_D_calibrate
81038510   IDL_D_tabbeg
81039670   IDL_END
8103ab28   IDL_END$
8102c160   IDL_F_busy
8102bf00   IDL_F_calibrate
8102c680   IDL_F_loop
8102c4c0   IDL_F_stub
00000001   IDL_USECLKIDLTIME
8103aad4   IDL_busyObj
810396b5   IDL_busyObj$avgfmt
00000001   IDL_busyObj$filter
00000001   IDL_busyObj$iA
00000000   IDL_busyObj$iB
00000001   IDL_busyObj$iC
810396af   IDL_busyObj$maxfmt
00000000   IDL_busyObj$operation
8103aad0   IDL_busyObj$stsobj
810396b2   IDL_busyObj$sumfmt
00000002   IDL_busyObj$unittype
81039664   IDL_cpuLoad
8103ab1c   IDL_cpuLoad$
ffffffff   IRAM
00000001   ISRC$
8102abf8   KNL_glue
8103a3d4   KNL_swi
00000001   KNL_swi$dorta
00000000   KNL_swi$ord
00000000   KNL_swi$pri
8103aaa4   KNL_swi$sts
81039671   KNL_swi$sts$avgfmt
00000002   KNL_swi$sts$filter
00000001   KNL_swi$sts$filtmaxmult
00000001   KNL_swi$sts$filtsummult
81039661   KNL_swi$sts$maxfmt
8103aaa0   KNL_swi$sts$stsobj
81039669   KNL_swi$sts$sumfmt
00000000   KNL_swi$sts$unittype
00000000   KNL_swi$swi
ffffffff   L1DSRAM
00000001   LCK$
810272e0   LNK_F_checkBufferCall
81027360   LNK_F_dataPump
81027300   LNK_F_getChanPtr
81027358   LNK_F_init
81027868   LNK_F_readCallBack
81039668   LNK_dataPump
8103ab20   LNK_dataPump$
81038718   LNK_dspFrameReadyMask
81038714   LNK_dspFrameRequestMask
810275e0   LNK_newin
81027714   LNK_newout
81027370   LNK_rcloop
81027434   LNK_rdrtry
81038720   LNK_readDone
81038724   LNK_readFail
8103871c   LNK_readPend
81027444   LNK_rrloop
81038728   LNK_writeFail
81027510   LNK_wrloop
81027504   LNK_wrrtry
00000001   LOG$
8103aa58   LOG_A_TABBEG
8103aaa0   LOG_A_TABEND
00000003   LOG_A_TABLEN
8103851c   LOG_D_system
00000001   LOG_ENABLED
8102bc80   LOG_F_event
8103aa58   LOG_system
10808000   LOG_system$buf
00000000   LOG_system$datatype
00000000   LOG_system$log
00000400   LOG_system$size
00000000   MBX$
00000001   MEM$
810383ec   MEM_MALLOCSEG
00000000   MEM_NULL
810383ec   MEM_SEGZERO
00000000   MEM_USEMPC
00000001   MEM_gNumHeap
00000000   MSGQ$
00000000   MSGQ_USEMSGQ
00000000   OBJ$
00000000   PIP$
8103a800   PIP_A_TABBEG
8103a8c8   PIP_A_TABEND
00000002   PIP_A_TABLEN
81038520   PIP_D_tabbeg
81038524   PIP_D_tablen
8102a0b8   PIP_F_give
8102a0b8   PIP_F_probe
8102a188   PIP_F_start
8102a040   PIP_F_take
00000064   PIP_OBJSIZE
00000000   PIP_gNextId
00000002   PIP_gNumEmbed
00000000   POOL$
00000000   POOL_USEPOOL
00000001   PRD$
80000000   PRD_A_TABBEG
80000000   PRD_A_TABEND
00000000   PRD_A_TABLEN
81038560   PRD_D_cur
81038564   PRD_D_elapsed
81038568   PRD_D_prevtim
8103856c   PRD_D_scalar
81038570   PRD_D_swihandle
81038574   PRD_D_tabbeg
81038578   PRD_D_tablen
8103857c   PRD_D_thook
8103855c   PRD_D_tick
81028760   PRD_F_swi
810289e4   PRD_F_tick
00004000   PRD_SCALAR
00000000   PRD_SWIHANDLE
8102a02c   PRD_THOOKFXN
81039674   PRD_clock
00000001   QUE$
81038580   RTA_D_fromHost
81038588   RTA_D_logval
81038598   RTA_D_stsval
81038584   RTA_D_toHost
8102c540   RTA_F_andn
81028e60   RTA_F_dispatch
81028d80   RTA_F_getlog
81028db8   RTA_F_getsts
8102c558   RTA_F_or
81028df8   RTA_F_readblk
81028e20   RTA_F_resetmem
81028e14   RTA_F_writeword
8103966c   RTA_dispatcher
8103ab24   RTA_dispatcher$
81028eac   RTA_execute
8103aae4   RTA_fromHost
81038804   RTA_fromHost$buf
00000004   RTA_fromHost$framesize
00000000   RTA_fromHost$hst
00000001   RTA_fromHost$id
00000000   RTA_fromHost$mode
8103a800   RTA_fromHost$pipe
8103a830   RTA_fromHost$pipe$aaa
8103a860   RTA_fromHost$pipe$bbb
810383f0   RTA_fromHost$pipe$dtab
8103a804   RTA_fromHost$pipe$rd
8103a834   RTA_fromHost$pipe$wr
8103aaec   RTA_fromHost$rtdx
8103ab00   RTA_toHost
8103a2d4   RTA_toHost$buf
00000040   RTA_toHost$framesize
00000000   RTA_toHost$hst
00000000   RTA_toHost$id
00000001   RTA_toHost$mode
8103a864   RTA_toHost$pipe
8103a894   RTA_toHost$pipe$aaa
8103a8c4   RTA_toHost$pipe$bbb
810383fc   RTA_toHost$pipe$dtab
8103a868   RTA_toHost$pipe$rd
8103a898   RTA_toHost$pipe$wr
8103ab08   RTA_toHost$rtdx
00000001   RTDX$
00000408   RTDX_BUFMEMSIZE
810383ec   RTDX_DATAMEMSEG
00000000   RTDX_MODE
00000001   RTDX_NORMALIZED_HDR
00000001   RTDX_USERTDX
00000000   RTDX_USERTEXECUTION
00000000   SEM$
00000000   SIO$
ffffffff   SRAM
00000001   STS$
8103aaa0   STS_A_TABBEG
8103aae0   STS_A_TABEND
8102c2ac   STS_F_add
8102c280   STS_F_delta
8102c2c8   STS_F_reset
00000001   SWI$
8103a3d4   SWI_A_TABBEG
8103a400   SWI_A_TABEND
00000001   SWI_A_TABLEN
810385f4   SWI_D_curfxn
810385e4   SWI_D_curmask
810385f0   SWI_D_curmbox
810385e8   SWI_D_curset
810385e0   SWI_D_execaddr
810385fc   SWI_D_inswi
810385ec   SWI_D_lock
810385f8   SWI_D_rdybeg
81038600   SWI_D_rdytab
810385dc   SWI_D_runaddr
00000000   SWI_EHOOKFXN
81028484   SWI_EXECFXN
810282a0   SWI_F_enable
81028484   SWI_F_exec
810284ac   SWI_F_iexec
81028310   SWI_F_post
8102852c   SWI_F_run
00000000   SWI_IHOOKFXN
8102852c   SWI_RUNFXN
00000001   SYS$
8103ab2c   SYS$config
8102c580   SYS_ABORTFXN
8102c700   SYS_ERRORFXN
8102c720   SYS_EXITFXN
8102c340   SYS_PUTCFXN
8103a934   TACHEVIDEO
00000003   TACHEVIDEO$ord
00000001   TACHEVIDEO$pri
81030d48   TACHEVIDEO$stack
81034ce0   TACHEVIDEO$stkptr
8103aac4   TACHEVIDEO$sts
810396a5   TACHEVIDEO$sts$avgfmt
00000002   TACHEVIDEO$sts$filter
00000001   TACHEVIDEO$sts$filtmaxmult
00000001   TACHEVIDEO$sts$filtsummult
81039695   TACHEVIDEO$sts$maxfmt
8103aac0   TACHEVIDEO$sts$stsobj
8103969d   TACHEVIDEO$sts$sumfmt
00000000   TACHEVIDEO$sts$unittype
00000000   TACHEVIDEO$tsk
81038818   TRC_R_mask
81038814   TRC_cinit
00000001   TSK$
00000000   TSK_NUM_HOOKS
00000001   TSK_PRIORITY
00000000   TSK_READYFXN
810383ec   TSK_STACKSEG
00000400   TSK_STACKSIZE
00000000   TSK_SWITCHFXN
8102c620   TSK_VCREATEFXN
8102c620   TSK_VDELETEFXN
8102c620   TSK_VEXITFXN
8103a8d4   TSK_idle
00000000   TSK_idle$ord
00000000   TSK_idle$pri
81039b78   TSK_idle$stack
81039f10   TSK_idle$stkptr
8103aab4   TSK_idle$sts
8103968b   TSK_idle$sts$avgfmt
00000002   TSK_idle$sts$filter
00000001   TSK_idle$sts$filtmaxmult
00000001   TSK_idle$sts$filtsummult
8103967b   TSK_idle$sts$maxfmt
8103aab0   TSK_idle$sts$stsobj
81039683   TSK_idle$sts$sumfmt
00000000   TSK_idle$sts$unittype
00000000   TSK_idle$tsk
00000001   UDEV$
8103a9dc   UDEV_I2C0$device
8103a9d0   UDEV_I2C0$obj
8103a994   UDEV_VPBE0$device
8103a988   UDEV_VPBE0$obj
8103a9b8   UDEV_VPFE0$device
8103a9ac   UDEV_VPFE0$obj
8102ba00   _ATM_andi
8102ba00   _ATM_andu
8102ba10   _ATM_cleari
8102ba10   _ATM_clearu
8102ba20   _ATM_deci
8102ba20   _ATM_decu
8102ba30   _ATM_inci
8102ba30   _ATM_incu
8102ba44   _ATM_ori
8102ba44   _ATM_oru
8102ba54   _ATM_seti
8102ba54   _ATM_setu
8102c620   _BCACHE_bootInit
8102afb4   _BCACHE_getMar
8102af64   _BCACHE_getSize
8102a734   _BCACHE_inv
8102af34   _BCACHE_setCacheToSram
8102aee4   _BCACHE_setMar
8102aea0   _BCACHE_setSize
8102be80   _BCACHE_wait
8102a724   _BCACHE_wb
8102a710   _BCACHE_wbInv
8101e144   _BIOS_OsGetOsTicksPerMSecs
81038820   _BIOS_init
81038aa0   _BIOS_start
8102c42c   _C62_clearIFR
8102c400   _C62_disableIER
8102c418   _C62_enableIER
8102c42c   _C64_clearIFR
8102c400   _C64_disableIER
8102c418   _C64_enableIER
ffffffff   _CACHE_L1D
ffffffff   _CACHE_L1P
00091050   _CLK_COUNTSPMS
810387a8   _CLK_DFLTMICROSECS
81038558   _CLK_D_countspms
8103854c   _CLK_D_dirty
810387ac   _CLK_D_microseconds
81038550   _CLK_D_prd
81038554   _CLK_D_tddr
8102aa50   _CLK_F_itime
00006978   _CLK_PRD
01c21800   _CLK_REGS
00000000   _CLK_TDDR
00000001   _CLK_TIMERNUM
00000001   _CLK_USETIMER
8102c5c0   _CLK_countspms
81038d00   _CLK_enableTimer
8102c740   _CLK_gethtime
8102c5e0   _CLK_getltime
8102c600   _CLK_getprd
8103853c   _CLK_htimeDiv
81038540   _CLK_htimeMult
810387d0   _CLK_htimePerLtime
810305fc   _CLK_inputClock
8102aa50   _CLK_itime
81038544   _CLK_ltimeDiv
81038548   _CLK_ltimeMult
8102c3a0   _CLK_measure
81016288   _DDC_ConfigextVDParams
81014b24   _DDC_VPBEAddQueue
81015160   _DDC_VPBEAllocFrameBuffer
810144d4   _DDC_VPBECheckFrameBuffer
81013e60   _DDC_VPBECloseHandle
810192a8   _DDC_VPBEConfigBMPCLUT
81018eac   _DDC_VPBEConfigBlending
8101d6a0   _DDC_VPBEConfigCursorParams
8101908c   _DDC_VPBEConfigMainCLUT
81018a60   _DDC_VPBEConfigOsdParams
81018f8c   _DDC_VPBEConfigTransparency
8101aa00   _DDC_VPBEConfigVencParams
81014588   _DDC_VPBEConfigWindowBoundary
81014798   _DDC_VPBEConfigZoomParameters
81014214   _DDC_VPBEDeQueueFrameBuffer
81014c88   _DDC_VPBEDelQueue
810143ac   _DDC_VPBEDisplayStartPosition
8101526c   _DDC_VPBEFreeFrameBuffer
810149b4   _DDC_VPBEGetChannelHandle
810148e4   _DDC_VPBEGetChannelId
81014090   _DDC_VPBEGetDeviceHandle
81014e60   _DDC_VPBEGetNxtFBAddress
81013fe8   _DDC_VPBEIsChannelHandleClosed
81014a38   _DDC_VPBEIsOsdPlaneActive
810150c4   _DDC_VPBEIsWithinWindowBoundary
81014e94   _DDC_VPBEIsr
81013b60   _DDC_VPBEOpenHandle
810140a0   _DDC_VPBEQueueFrameBuffer
810142a8   _DDC_VPBERegisterOverlaying
81014a80   _DDC_VPBEResetFrameBufferObject
810143e8   _DDC_VPBESetInterruptNumber
810152f8   _DDC_VPBEUpdateFbAdress
81015384   _DDC_VPBEUpdateFreeQueue
81014f84   _DDC_VPBEUpdateNxtFBAddress
81014410   _DDC_VPBEValidateFrameBuffer
81015018   _DDC_VPBE_AppCallbackFunction
81015828   _DDC_VPFEAddQueue
810160ec   _DDC_VPFEAllocFrameBuffer
8101886c   _DDC_VPFEBlackAdjust
81016044   _DDC_VPFECheckFrameBuffer
81015550   _DDC_VPFECloseHandle
81018000   _DDC_VPFEConfigCcdcParams
81015ce4   _DDC_VPFEDeQueueFrameBuffer
81015988   _DDC_VPFEDelQueue
8101898c   _DDC_VPFEFpc
81016200   _DDC_VPFEFreeFrameBuffer
81015718   _DDC_VPFEGetChannelHandle
810156c4   _DDC_VPFEGetChannelId
810156b4   _DDC_VPFEGetDeviceHandle
81015b58   _DDC_VPFEGetNxtFBAddress
81015654   _DDC_VPFEIsChannelHandleClosed
81015d6c   _DDC_VPFEIsr
81015420   _DDC_VPFEOpenHandle
81015b90   _DDC_VPFEQueueFrameBuffer
81015f38   _DDC_VPFERegisterOverlaying
81015768   _DDC_VPFEResetFrameBufferObject
81015f6c   _DDC_VPFESetInterruptNumber
81016310   _DDC_VPFEUpdateFbAdress
81016394   _DDC_VPFEUpdateFreeQueue
81015dd8   _DDC_VPFEUpdateNxtFBAddress
81015f98   _DDC_VPFEValidateFrameBuffer
81015ea4   _DDC_VPFE_AppCallbackFunction
81013374   _DDC_i2cTransfer
8100bd28   _DDC_prevCloseHandle
8100b780   _DDC_prevDeviceCreate
8100bf54   _DDC_prevDeviceDelete
8100dd98   _DDC_prevISR
8100bbb4   _DDC_prevIoctl
8100b86c   _DDC_prevOpenHandle
810383ec   _DDR2
80000000   _DDR2_base
01000000   _DDR2_length
81030d40   _DEV_D_devinit
81038408   _DEV_devinit
81038be0   _DEV_init
8102b740   _DEV_match
8103aa88   _DVTEvent_Log
81030d20   _ECM_ATTRS
8102c440   _ECM_disableEvent
8102b460   _ECM_dispatch
8102c040   _ECM_dispatchPlug
81037fec   _ECM_dispatchTab
8102c480   _ECM_enableEvent
81002ba4   _EDMA3_DRV_chainChannel
81001734   _EDMA3_DRV_clearErrorBits
810009ec   _EDMA3_DRV_close
81000000   _EDMA3_DRV_create
810005c4   _EDMA3_DRV_delete
810032a0   _EDMA3_DRV_disableTransfer
81002ea8   _EDMA3_DRV_enableTransfer
81001440   _EDMA3_DRV_freeChannel
810047d0   _EDMA3_DRV_getCCRegister
810046a8   _EDMA3_DRV_getMapChToEvtQ
81001f2c   _EDMA3_DRV_getOptField
810039d0   _EDMA3_DRV_getPaRAM
81003bb0   _EDMA3_DRV_getPaRAMEntry
81004154   _EDMA3_DRV_getPaRAMField
810019a0   _EDMA3_DRV_linkChannel
81004624   _EDMA3_DRV_mapChToEvtQ
8100070c   _EDMA3_DRV_open
81000b34   _EDMA3_DRV_requestChannel
81002804   _EDMA3_DRV_setDestIndex
810023c0   _EDMA3_DRV_setDestParams
810044b0   _EDMA3_DRV_setEvtQPriority
81001c88   _EDMA3_DRV_setOptField
810038e8   _EDMA3_DRV_setPaRAM
81003ab4   _EDMA3_DRV_setPaRAMEntry
81003cb8   _EDMA3_DRV_setPaRAMField
810037d4   _EDMA3_DRV_setQdmaTrigWord
81002670   _EDMA3_DRV_setSrcIndex
81002110   _EDMA3_DRV_setSrcParams
81002990   _EDMA3_DRV_setTransferParams
81002da0   _EDMA3_DRV_unchainChannel
81001b88   _EDMA3_DRV_unlinkChannel
810070f0   _EDMA3_RM_allocContiguousResource
81005b40   _EDMA3_RM_allocResource
81005944   _EDMA3_RM_close
81005080   _EDMA3_RM_create
81005310   _EDMA3_RM_delete
8100728c   _EDMA3_RM_freeContiguousResource
81006718   _EDMA3_RM_freeResource
81006c74   _EDMA3_RM_mapEdmaChannel
81006d70   _EDMA3_RM_mapQdmaChannel
81005458   _EDMA3_RM_open
81006ef4   _EDMA3_RM_registerTccCb
8100700c   _EDMA3_RM_unregisterTccCb
0000000a   _EVENT10
00000064   _EVENT100
00000065   _EVENT101
00000066   _EVENT102
00000067   _EVENT103
00000068   _EVENT104
00000069   _EVENT105
0000006a   _EVENT106
0000006b   _EVENT107
0000006c   _EVENT108
0000006d   _EVENT109
0000000b   _EVENT11
0000006e   _EVENT110
0000006f   _EVENT111
00000070   _EVENT112
00000071   _EVENT113
00000072   _EVENT114
00000073   _EVENT115
00000074   _EVENT116
00000075   _EVENT117
00000076   _EVENT118
00000077   _EVENT119
0000000c   _EVENT12
00000078   _EVENT120
00000079   _EVENT121
0000007a   _EVENT122
0000007b   _EVENT123
0000007c   _EVENT124
0000007d   _EVENT125
0000007e   _EVENT126
0000007f   _EVENT127
0000000d   _EVENT13
0000000e   _EVENT14
0000000f   _EVENT15
00000010   _EVENT16
00000011   _EVENT17
00000012   _EVENT18
00000013   _EVENT19
00000014   _EVENT20
00000015   _EVENT21
00000016   _EVENT22
00000017   _EVENT23
00000018   _EVENT24
00000019   _EVENT25
0000001a   _EVENT26
0000001b   _EVENT27
0000001c   _EVENT28
0000001d   _EVENT29
0000001e   _EVENT30
0000001f   _EVENT31
00000020   _EVENT32
00000021   _EVENT33
00000022   _EVENT34
00000023   _EVENT35
00000024   _EVENT36
00000025   _EVENT37
00000026   _EVENT38
00000027   _EVENT39
00000004   _EVENT4
00000028   _EVENT40
00000029   _EVENT41
0000002a   _EVENT42
0000002b   _EVENT43
0000002c   _EVENT44
0000002d   _EVENT45
0000002e   _EVENT46
0000002f   _EVENT47
00000030   _EVENT48
00000031   _EVENT49
00000005   _EVENT5
00000032   _EVENT50
00000033   _EVENT51
00000034   _EVENT52
00000035   _EVENT53
00000036   _EVENT54
00000037   _EVENT55
00000038   _EVENT56
00000039   _EVENT57
0000003a   _EVENT58
0000003b   _EVENT59
00000006   _EVENT6
0000003c   _EVENT60
0000003d   _EVENT61
0000003e   _EVENT62
0000003f   _EVENT63
00000040   _EVENT64
00000041   _EVENT65
00000042   _EVENT66
00000043   _EVENT67
00000044   _EVENT68
00000045   _EVENT69
00000007   _EVENT7
00000046   _EVENT70
00000047   _EVENT71
00000048   _EVENT72
00000049   _EVENT73
0000004a   _EVENT74
0000004b   _EVENT75
0000004c   _EVENT76
0000004d   _EVENT77
0000004e   _EVENT78
0000004f   _EVENT79
00000008   _EVENT8
00000050   _EVENT80
00000051   _EVENT81
00000052   _EVENT82
00000053   _EVENT83
00000054   _EVENT84
00000055   _EVENT85
00000056   _EVENT86
00000057   _EVENT87
00000058   _EVENT88
00000059   _EVENT89
00000009   _EVENT9
0000005a   _EVENT90
0000005b   _EVENT91
0000005c   _EVENT92
0000005d   _EVENT93
0000005e   _EVENT94
0000005f   _EVENT95
00000060   _EVENT96
00000061   _EVENT97
00000062   _EVENT98
00000063   _EVENT99
81027d90   _EXC_clearLastStatus
81029c80   _EXC_dispatch
81027c14   _EXC_exceptionHandler
8103872c   _EXC_exceptionHook
81027be0   _EXC_external
81038734   _EXC_externalHook
81027bc0   _EXC_getLastStatus
81027b80   _EXC_init
810278d4   _EXC_internal
81038730   _EXC_internalHook
810278a0   _EXC_nmi
81038738   _EXC_nmiHook
810386c8   _EXC_returnPtr
81029e44   _EXC_setReturnPtr
81030ccc   _EXC_status
810386c0   _EXC_sysTrapTable
8101c9c0   _Edma3_CacheFlush
8101c9a0   _Edma3_CacheInvalidate
8102c620   _FXN_F_nop
8102c0a4   _FXN_F_run
8102c0e0   _FXN_F_zero
00000000   _GBL_CACHE
8102b044   _GBL_cacheInit64P
810385b4   _GBL_clkIn
810385b8   _GBL_freq
8102c640   _GBL_getVersion
810385b0   _GBL_procId
810387d8   _GIO
81030d28   _GIO_ATTRS
81030cdc   _GIO_CONFIG
8102c660   _GIO_control
81028ae0   _GIO_create
8102b560   _GIO_delete
81038fa0   _GIO_init
8102a220   _GIO_submit
81037020   _HSRTDX_rec
81037780   _HSRTDX_xmt
8103aae0   _HST_A_TABBEG
8103ab1c   _HST_A_TABEND
00009f88   _HWI_CFGDISPATCHED
81038708   _HWI_D_inhwi
810386fc   _HWI_D_spsave
81027dc0   _HWI_F_dispatch
0000000a   _HWI_INT10
0000000b   _HWI_INT11
0000000c   _HWI_INT12
0000000d   _HWI_INT13
0000000e   _HWI_INT14
0000000f   _HWI_INT15
00000004   _HWI_INT4
00000005   _HWI_INT5
00000006   _HWI_INT6
00000007   _HWI_INT7
00000008   _HWI_INT8
00000009   _HWI_INT9
00000001   _HWI_NMI
00000002   _HWI_RESERVED0
00000003   _HWI_RESERVED1
00000000   _HWI_RESET
81026d18   _HWI_STKBOTTOM
8101ed20   _HWI_STKTOP
810386fc   _HWI_data
8102c100   _HWI_disable
81038410   _HWI_dispatchTab
8102c118   _HWI_enable
8102c12c   _HWI_restore
81030600   _I2CMD_FXNS
8101e660   _I2C_INIT
81030c9c   _I2C_devParams
8103aad4   _IDL_busyObj
81039664   _IDL_cpuLoad
8102c680   _IDL_loop
ffffffff   _IRAM
81038680   _KNL_alarm
8102b100   _KNL_check
810386a4   _KNL_curqueue
81038694   _KNL_curtask
8103869c   _KNL_curtime
810308e0   _KNL_dummy
8102b840   _KNL_enter
8102b800   _KNL_exit
8102b1c8   _KNL_idle
810386bc   _KNL_idlefxn
81038688   _KNL_inactive
8102bb00   _KNL_ipost
8102b1f0   _KNL_max
810386a8   _KNL_maxqueue
8102bb80   _KNL_post
81038698   _KNL_prevtask
8103868c   _KNL_priority
81030840   _KNL_queues
81029000   _KNL_run
8102aaa0   _KNL_saveIsrFrame
81038690   _KNL_set
81038684   _KNL_setpri
8103a3d4   _KNL_swi
810386a0   _KNL_swiptr
8102ab4c   _KNL_switch
810386b0   _KNL_tcreatefxn
810386b4   _KNL_tdeletefxn
8102a02c   _KNL_tick
810386b8   _KNL_treadyfxn
810386ac   _KNL_tswitchfxn
81038678   _KNL_wFlag
8103867c   _KNL_wList
ffffffff   _L1DSRAM
8102bc20   _LCK_pend
8102bc00   _LCK_post
81011b78   _LLC_Ccdc_ALawDisable
81011b38   _LLC_Ccdc_ALawEnable
81011bb4   _LLC_Ccdc_ALaw_SetGammaInput
81011a54   _LLC_Ccdc_BlackCompensation
8101188c   _LLC_Ccdc_ClampDisable
81011854   _LLC_Ccdc_ClampEnable
81011998   _LLC_Ccdc_ClampSampleGain
81011908   _LLC_Ccdc_ClampSampleLines
810118c0   _LLC_Ccdc_ClampSamplePixperLine
81011950   _LLC_Ccdc_ClampSampleStartPix
81011c34   _LLC_Ccdc_Fpc_Disable
81011c70   _LLC_Ccdc_Fpc_Enable
81011bfc   _LLC_Ccdc_Fpc_Reset
81011cac   _LLC_Ccdc_Fpc_SetAddr
81011cec   _LLC_Ccdc_Fpc_Setnum
81011a24   _LLC_Ccdc_SetColorPattern
810119e0   _LLC_Ccdc_SetDCClamp
81010740   _LLC_ResetCcdcReg
8100e2e0   _LLC_ResetOsdReg
81017360   _LLC_ResetVencReg
81011714   _LLC_ccdcsetDataPolNormal
81011748   _LLC_ccdcsetDataPolOnesComp
810103e8   _LLC_getBMPWinCPBSYStatus
810109cc   _LLC_getCcdcField
810178e4   _LLC_getVencField
8100b3f0   _LLC_prevChannelStatus
8100b4d4   _LLC_prevDarkFrameStatus
8100b60c   _LLC_prevGetWriteBufMemOverflow
810089a8   _LLC_prevHardwareSetup
8100b1f4   _LLC_prevOneShotPreviewer
8100b470   _LLC_prevPreviewerStatus
81008720   _LLC_prevResetPreviewer
8100b670   _LLC_prevSetDFC
8100b550   _LLC_prevSetReadReqExpand
8100f7c4   _LLC_setBMPCLUTEntry
81010140   _LLC_setBMPWin1AttrModeDisable
8101010c   _LLC_setBMPWin1AttrModeEnable
81010084   _LLC_setBMPWinBlendingRatio
81010244   _LLC_setBMPWinCLUTSelectRAM
81010170   _LLC_setBMPWinColorFormatBMPLUTMode
810101d8   _LLC_setBMPWinColorFormatRGB16
810102ac   _LLC_setBMPWinDVDMode
81010314   _LLC_setBMPWinNORMALMode
8100feb4   _LLC_setBMPWinPixelBitWidth1Bit
8100ff28   _LLC_setBMPWinPixelBitWidth2Bit
8100ff98   _LLC_setBMPWinPixelBitWidth4Bit
81010008   _LLC_setBMPWinPixelBitWidth8Bit
81010380   _LLC_setBMPWinRAMWRMode
8100f494   _LLC_setBMPWinTransparencyColour
8100f5e4   _LLC_setBMPWinTransparencyDisable
8100f544   _LLC_setBMPWinTransparencyEnable
81011090   _LLC_setCcdcCaptureOff
81011058   _LLC_setCcdcCaptureOn
81010de0   _LLC_setCcdcColorFormatCCDRaw
81010da8   _LLC_setCcdcColorFormatYCC8Bits
81011ee8   _LLC_setCcdcDataFormatterBitSelect_10_01
81011ea8   _LLC_setCcdcDataFormatterBitSelect_11_02
81011e68   _LLC_setCcdcDataFormatterBitSelect_12_03
81011e28   _LLC_setCcdcDataFormatterBitSelect_13_04
81011de8   _LLC_setCcdcDataFormatterBitSelect_14_05
81011dac   _LLC_setCcdcDataFormatterBitSelect_15_06
81011f2c   _LLC_setCcdcDataFormatterBitSelect_9_00
81011f6c   _LLC_setCcdcDataFormatterHorzInfo
81011fb4   _LLC_setCcdcDataFormatterHorzStartPixel
81012058   _LLC_setCcdcDataFormatterVertInfo
[...]
81015f6c   _DDC_VPFESetInterruptNumber
81015f98   _DDC_VPFEValidateFrameBuffer
81016044   _DDC_VPFECheckFrameBuffer
810160ec   _DDC_VPFEAllocFrameBuffer
81016200   _DDC_VPFEFreeFrameBuffer
81016288   _DDC_ConfigextVDParams
81016310   _DDC_VPFEUpdateFbAdress
81016394   _DDC_VPFEUpdateFreeQueue
81016420   _PSP_prevCreate
810165e4   _PSP_prevOpen
81016a88   _PSP_prevIoctl
81016c20   _PSP_prevClose
81016e58   _PSP_prevDelete
810170b4   _PSP_prevGetPSPHandle
81017360   _LLC_ResetVencReg
810178e4   _LLC_getVencField
81017918   _LLC_setDacBNormalMode
81017954   _LLC_setDacBPowerDownMode
81017990   _LLC_setDacCNormalMode
810179cc   _LLC_setDacCPowerDownMode
81017a08   _LLC_setDacDNormalMode
81017a44   _LLC_setDacDPowerDownMode
81017a80   _LLC_setDacBOutVidFormatCVBS
81017ab8   _LLC_setDacCOutVidFormatCVBS
81017af4   _LLC_setDacDOutVidFormatCVBS
81017b30   _LLC_setDacBOutVidFormatCompY
81017b70   _LLC_setDacCOutVidFormatCompPb
81017bb0   _LLC_setDacDOutVidFormatCompPr
81017bfc   _LLC_setVencScanModeInterlaced
81017c2c   _LLC_setVencScanModeProgressive
81017c60   _LLC_setEnableCompositeOutput
81017c94   _LLC_setEnableFixedLevelOutput
81017cc8   _LLC_setVencEnable
81017d00   _LLC_setVencDisable
81017d30   _LLC_setVideoOutputTYP_NTSC
81017d64   _LLC_setVideoOutputTYP_PAL
81017d98   _LLC_setVideoOutputTYP_525p_HDTV
81017dcc   _LLC_setVideoOutputTYP_625p_HDTV
81017e04   _LLC_setDigitalVidOutModeYcc8
81017e38   _LLC_setREC656Mode
81017e70   _LLC_setVideoOutputSDTVMode
81017ea4   _LLC_setVideoOutputHDTVMode
81017ed4   _LLC_setOSDClockControl0
81017f24   _LLC_setOSDClockControl1
81017f74   _LLC_setDac1OutVidFormatSVidY
81017fb4   _LLC_setDac2OutVidFormatSVidC
81018000   _DDC_VPFEConfigCcdcParams
8101886c   _DDC_VPFEBlackAdjust
8101898c   _DDC_VPFEFpc
81018a60   _DDC_VPBEConfigOsdParams
81018eac   _DDC_VPBEConfigBlending
81018f8c   _DDC_VPBEConfigTransparency
8101908c   _DDC_VPBEConfigMainCLUT
810192a8   _DDC_VPBEConfigBMPCLUT
81019340   _PSP_VPFE_TVP5146_Open
81019364   _PSP_VPFE_TVP5146_Close
81019398   _PSP_VPFE_TVP5146_Control
81019b80   _i2c_mdBindDev
81019d70   _i2c_mdCreateChan
81019f30   _i2c_mdSubmitChan
8101a114   _i2c_mdControlChan
8101a1a4   _i2c_mdUnBindDev
8101a230   _i2c_mdDeleteChan
8101a380   _VPBE_mdBindDev
8101a44c   _VPBE_mdUnBindDev
8101a4e8   _VPBE_mdCreateChan
8101a6a8   _VPBE_mdDeleteChan
8101a78c   _VPBE_mdControlChan
8101a810   _VPBE_mdSubmitChan
8101aa00   _DDC_VPBEConfigVencParams
8101b100   _VPFE_mdBindDev
8101b1cc   _VPFE_mdUnBindDev
8101b258   _VPFE_mdCreateChan
8101b404   _VPFE_mdDeleteChan
8101b4e0   _VPFE_mdControlChan
8101b564   _VPFE_mdSubmitChan
8101b760   _PSP_VPBECreate
8101b804   _PSP_VPBEDelete
8101b884   _PSP_VPBEOpen
8101b974   _PSP_VPBEClose
8101b9e0   _PSP_VPBESubmitRequest
8101bac8   _PSP_VPBEIoctl
8101bbe0   _PSP_VPFECreate
8101bc68   _PSP_VPFEDelete
8101bce8   _PSP_VPFEOpen
8101bdd4   _PSP_VPFEClose
8101be40   _PSP_VPFESubmitRequest
8101bf50   _PSP_VPFEIoctl
8101c060   __divf
8101c440   _start_boucle
8101c800   _edma3OsProtectEntry
8101c8b8   _edma3OsProtectExit
8101c950   _edma3OsWaitMsecs
8101c9a0   _Edma3_CacheInvalidate
8101c9c0   _Edma3_CacheFlush
8101c9e0   _edma3OsSemCreate
8101ca30   _edma3OsSemDelete
8101ca64   _edma3OsSemTake
8101caac   _edma3OsSemGive
8101cae0   _LLC_setCursorEnable
8101cb14   _LLC_setCursorDisable
8101cb48   _LLC_setCursorCLUTSelectROM
8101cb78   _LLC_setCursorCLUTSelectRAM
8101cbac   _LLC_setCursorROMTYPE
8101cbe8   _LLC_setCursorVWidth
8101cc2c   _LLC_setCursorHWidth
8101cc74   _LLC_setCursorXPosition
8101ccc4   _LLC_setCursorYPosition
8101cd14   _LLC_setCursorXSize
8101cd64   _LLC_setCursorYSize
8101cdc0   _PAL_osMemInit
8101cdd4   _PAL_osMemSegDefine
8101ce4c   _PAL_osMemSegUndefine
8101ce64   _PAL_osMemAlloc
8101ceb8   _PAL_osMemFree
8101cf10   _PAL_osMemCopy
8101cf8c   _PAL_osMemSet
8101cfe8   _PAL_osMemLock
8101d004   _PAL_osMemUnlock
8101d020   _PAL_osMemVirt2Phy
8101d030   _PAL_osMemPhy2Virt
8101d044   _PAL_osMemReport
8101d0b8   _i2c_init
8101d108   _i2c_writeReg
8101d180   _i2c_readReg
8101d230   _i2c_deInit
8101d2a0   __addd
8101d4a0   __frcaddd
8101d6a0   _DDC_VPBEConfigCursorParams
8101d8a0   __DDA_i2cRegisterIntrHandler
8101d970   __DDA_i2cUnregisterIntrHandler
8101d9e0   __DDA_i2cSleep
8101d9f0   __DDA_i2cOsGetTicks
8101da20   _call_dtors
8101db20   _PAL_osSemCreate
8101db74   _PAL_osSemDelete
8101db98   _PAL_osSemTake
8101dbe0   _PAL_osSemGive
8101dc20   __cmpd
8101dd00   _memset
8101dde0   __c6xabi_divu
8101dde0   __divu
8101dea0   _atexit
8101df60   _modf
8101e0e0   _PAL_osWaitMsecs
8101e144   _BIOS_OsGetOsTicksPerMSecs
8101e1a0   __DDA_VPBERegisterIntrHandler
8101e224   __DDA_VPBEUnregisterIntrHandler
8101e260   __frcmpyf_div
8101e300   __c6xabi_remu
8101e300   __remu
8101e3a0   _memcpy
8101e440   __DDA_VPFERegisterIntrHandler
8101e4b0   __DDA_VPFEUnregisterIntrHandler
8101e4e0   __cmpf
8101e560   __fixdu
8101e5e0   __renormd
8101e660   _I2C_INIT
8101e664   _main
8101e668   _tachevideo
8101e6e0   _PAL_osProtectEntry
8101e720   _PAL_osProtectExit
8101e760   __cvtfd
8101e7c0   _ceil
8101e820   ___add_dtor
8101e860   __fltuf
8101e8a0   __subd
8101e900   __nop
8101e920   __register_lock
8101e940   __register_unlock
8101ed20   GBL_stackbeg
8101ed20   _HWI_STKTOP
8101ed20   ___etext__
8101ed20   __stack
8101ed20   etext
81026d18   _HWI_STKBOTTOM
81026d1f   GBL_stackend
81026d20   __STACK_END
81026e20   _SYS_vsprintf
81027254   _SYS_vprintf
81027264   _SYS_sprintf
81027290   _SYS_printf
810272e0   LNK_F_checkBufferCall
81027300   LNK_F_getChanPtr
81027358   LNK_F_init
81027360   LNK_F_dataPump
81027370   LNK_rcloop
81027434   LNK_rdrtry
81027444   LNK_rrloop
81027504   LNK_wrrtry
81027510   LNK_wrloop
810275e0   LNK_newin
81027714   LNK_newout
81027868   LNK_F_readCallBack
810278a0   _EXC_nmi
810278d4   _EXC_internal
81027b80   _EXC_init
81027bc0   _EXC_getLastStatus
81027be0   _EXC_external
81027c14   _EXC_exceptionHandler
81027d90   _EXC_clearLastStatus
81027dc0   CLK_HOOKFXN
81027dc0   HWI_F_dispatch
81027dc0   _HWI_F_dispatch
81027dc0   __HWI_lat1beg
81027f48   __HWI_lat1end
81027f48   __HWI_lat2beg
810280b0   __HWI_lat2end2
810280e0   __HWI_lat3end2
81028124   __HWI_lat2end1
81028140   __HWI_lat3beg
810282a0   SWI_F_enable
810282a0   __SWI_lat3beg
8102830c   __SWI_lat3end
81028310   SWI_F_post
81028310   _SWI_post
81028418   __SWI_lat1beg
81028484   SWI_EXECFXN
81028484   SWI_F_exec
810284ac   SWI_F_iexec
810284c4   __SWI_lat1end
810284c8   __SWI_lat2beg
81028528   __SWI_lat2end
8102852c   SWI_F_run
8102852c   SWI_RUNFXN
81028760   PRD_F_swi
810289e4   PRD_F_tick
81028ae0   _GIO_create
81028d80   RTA_F_getlog
81028db8   RTA_F_getsts
81028df8   RTA_F_readblk
81028e14   RTA_F_writeword
81028e20   RTA_F_resetmem
81028e20   __RTA_lat1beg
81028e54   __RTA_lat1end
81028e60   RTA_F_dispatch
81028eac   RTA_execute
81029000   _KNL_run
81029240   _MEM_define
81029480   _MEM_redefine
810296a0   _MEM_free
810298a0   _SEM_pendEnterKnl
81029aa0   _MEM_alloc
81029c80   _EXC_dispatch
81029e44   _EXC_setReturnPtr
8102a02c   PRD_THOOKFXN
8102a02c   _KNL_tick
8102a040   PIP_F_take
8102a0b8   PIP_F_give
8102a0b8   PIP_F_probe
8102a188   PIP_F_start
8102a220   _GIO_submit
8102a3e0   __SEM_dopost
8102a710   _BCACHE_wbInv
8102a724   _BCACHE_wb
8102a734   _BCACHE_inv
8102a760   _TSK_setup
8102a900   CLK_F_getltime
8102a910   CLK_F_isr
8102aa50   CLK_F_itime
8102aa50   _CLK_F_itime
8102aa50   _CLK_itime
8102aa70   __CLK_lat1beg
8102aa90   __CLK_lat1end
8102aaa0   _KNL_saveIsrFrame
8102ab4c   _KNL_switch
8102abf8   KNL_glue
8102ac20   __auto_init
8102ad60   _TSK_exit
8102aea0   _BCACHE_setSize
8102aee4   _BCACHE_setMar
8102af34   _BCACHE_setCacheToSram
8102af64   _BCACHE_getSize
8102afb4   _BCACHE_getMar
8102b044   _GBL_cacheInit64P
8102b100   _KNL_check
8102b14c   __KNL_lat1beg
8102b1c8   _KNL_idle
8102b1c8   __KNL_lat1end
8102b1f0   _KNL_max
8102b220   _MEM_undefine
8102b3e4   _TSK_startup
8102b460   _ECM_dispatch
8102b560   _GIO_delete
8102b660   _SEM_post
8102b660   _SEM_postBinary
8102b740   _DEV_match
8102b800   _KNL_exit
8102b840   _KNL_enter
8102b8c0   _SEM_postEnterKnl
8102b960   _SYS_exit
8102ba00   _ATM_andi
8102ba00   _ATM_andu
8102ba10   _ATM_cleari
8102ba10   _ATM_clearu
8102ba20   _ATM_deci
8102ba20   _ATM_decu
8102ba30   _ATM_inci
8102ba30   _ATM_incu
8102ba44   _ATM_ori
8102ba44   _ATM_oru
8102ba54   _ATM_seti
8102ba54   _ATM_setu
8102ba80   __GIO_iomCallback
8102bb00   _KNL_ipost
8102bb80   _KNL_post
8102bc00   _LCK_post
8102bc20   _LCK_pend
8102bc80   LOG_F_event
8102bc80   _LOG_event
8102bc80   __LOG_lat1beg
8102bd00   _OBJ_create
8102bd80   _SEM_create
8102be00   _TSK_enable
8102be24   _TSK_disable
8102be80   _BCACHE_wait
8102bf00   IDL_F_calibrate
8102bf80   _MEM_valloc
8102bfe0   _SYS_error
8102c040   _ECM_dispatchPlug
8102c0a0   FXN_F_nop
8102c0a4   FXN_F_run
8102c0a4   _FXN_F_run
8102c0e0   FXN_F_zero
8102c0e0   _FXN_F_zero
8102c100   _HWI_disable
8102c118   _HWI_enable
8102c12c   _HWI_restore
8102c160   IDL_F_busy
8102c160   __IDL_lat1beg
8102c1a0   __IDL_lat1end
8102c1c0   _OBJ_delete
8102c220   _SEM_pend
8102c280   STS_F_delta
8102c280   _STS_delta
8102c2ac   STS_F_add
8102c2ac   _STS_add
8102c2c8   STS_F_reset
8102c2c8   _STS_reset
8102c2e0   _SYS_abort
8102c340   SYS_PUTCFXN
8102c340   _UTL_doPutc
8102c3a0   _CLK_measure
8102c400   _C62_disableIER
8102c400   _C64_disableIER
8102c418   _C62_enableIER
8102c418   _C64_enableIER
8102c42c   _C62_clearIFR
8102c42c   _C64_clearIFR
8102c440   _ECM_disableEvent
8102c480   _ECM_enableEvent
8102c4c0   IDL_CALIBRFXN
8102c4c0   IDL_F_stub
8102c500   _QUE_get
8102c500   __QUE_lat1beg
8102c520   __QUE_lat1end
8102c528   _QUE_put
8102c528   __QUE_lat2beg
8102c534   __QUE_lat2end
8102c540   RTA_F_andn
8102c558   RTA_F_or
8102c580   SYS_ABORTFXN
8102c580   _UTL_doAbort
8102c5c0   _CLK_countspms
8102c5e0   _CLK_getltime
8102c600   _CLK_getprd
8102c620   GBL_USERINITFXN
8102c620   GIO_CREATEFXN
8102c620   GIO_DELETEFXN
8102c620   GIO_PENDFXN
8102c620   GIO_POSTFXN
8102c620   TSK_VCREATEFXN
8102c620   TSK_VDELETEFXN
8102c620   TSK_VEXITFXN
8102c620   _BCACHE_bootInit
8102c620   _FXN_F_nop
8102c640   _GBL_getVersion
8102c660   _GIO_control
8102c680   IDL_F_loop
8102c680   _IDL_loop
8102c6a0   _LOG_printf
8102c6c0   _SEM_delete
8102c6e0   _STS_set
8102c700   SYS_ERRORFXN
8102c700   _UTL_doError
8102c720   SYS_EXITFXN
8102c720   _UTL_halt
8102c740   CLK_F_gethtime
8102c740   CLK_TIMEFXN
8102c740   _CLK_gethtime
8102f6a0   _allocatedTCCs
8102f6a8   _edma3GblCfgParams
8102f980   _instanceInitConfig
8102fc20   _vpbeDeviceObject
810300d4   _MEM_ATTRS
810300d8   _prevDebugErrorTraceArray
81030118   _prevDebugTraceArray
81030318   _ddcPrevDeviceObj
81030324   __BCACHE_emifAddr
81030328   ___atexit_func_id__
810304b0   _vpfeDeviceObject
810305fc   _CLK_inputClock
81030600   _I2CMD_FXNS
81030618   _ports
8103073c   _dtors
81030740   _VPBEMD_FXNS
81030788   _vpbe_ports
81030840   _KNL_queues
810308e0   _KNL_dummy
810309e0   _ddcI2CObj
81030a30   _ddcI2CDriver
81030aa8   _VPFEMD_FXNS
81030af0   _vpfe_ports
81030b1c   _TSK_ATTRS
81030b38   _TSK_config
81030b58   _TSK_timerSem
81030b78   _OBJ_table
81030bb0   _OBJ_segtab
81030bcc   __TSK_mutex
81030bf4   __MEM_mutex
81030c20   _SYS_exitStack
81030c40   _tcErrorInt
81030c60   _ptrEdma3TcIsrHandler
81030c9c   _I2C_devParams
81030ccc   _EXC_status
81030cdc   _GIO_CONFIG
81030d08   _ddaPrevPortObj
81030d14   __cleanup_ptr
81030d18   __dtors_ptr
81030d1c   ___TI_enable_exit_profile_output
81030d20   _ECM_ATTRS
81030d28   _GIO_ATTRS
81030d30   _SEM_ATTRS
81030d38   __lock
81030d3c   __unlock
81030d40   _DEV_D_devinit
81030d48   TACHEVIDEO$stack
81034ce0   TACHEVIDEO$stkptr
81034d48   ___cinit__
81034d48   cinit
81037014   ___pinit__
81037014   pinit
81037020   _HSRTDX_rec
810372c0   _RTDX_Buffer_WriteCB
81037780   _HSRTDX_xmt
81037a80   _RTDX_Mon_Queue
81037ce0   _RTDX_Poll
81037d80   _RTDX_Final_RT_Monitor
81037e00   _RTDX_Buffer_Initialize
81037e60   _RTDX_Init_RT_Monitor
81037ec0   _RTDX_Buffer_ReadCB
81037f00   _RTDX_Buffer_Size
81037f40   _RTDX_memfill
81037f80   _RTDX_Buffer_Read
81037fa0   _RTDX_Buffer_Write
81037fc0   _RTDX_Mask_IER
81037fe0   $bss
81037fe0   .bss
81037fe0   _MEM_memtab
81037fe0   ___bss__
81037fec   _ECM_dispatchTab
810383ec   DDR2
810383ec   HST_DSMBUFSEG
810383ec   MEM_MALLOCSEG
810383ec   MEM_SEGZERO
810383ec   RTDX_DATAMEMSEG
810383ec   TSK_STACKSEG
810383ec   _DDR2
810383f0   RTA_fromHost$pipe$dtab
810383fc   RTA_toHost$pipe$dtab
81038408   _DEV_devinit
8103840c   __DEV_NUMINITFXNS
81038410   _HWI_dispatchTab
81038510   IDL_D_tabbeg
81038514   IDL_D_calibrate
81038518   IDL_D_calbeg
8103851c   LOG_D_system
8103851c   _LOG_D_system
81038520   PIP_D_tabbeg
81038524   PIP_D_tablen
81038528   CLK_R_time
8103852c   CLK_D_timefxn
81038530   CLK_D_tabbeg
81038534   CLK_D_isrhook
81038538   CLK_D_idletime
8103853c   _CLK_htimeDiv
81038540   _CLK_htimeMult
81038544   _CLK_ltimeDiv
81038548   _CLK_ltimeMult
8103854c   _CLK_D_dirty
81038550   _CLK_D_prd
81038554   _CLK_D_tddr
81038558   _CLK_D_countspms
8103855c   PRD_D_tick
8103855c   _PRD_D_tick
81038560   PRD_D_cur
81038564   PRD_D_elapsed
81038568   PRD_D_prevtim
8103856c   PRD_D_scalar
81038570   PRD_D_swihandle
81038574   PRD_D_tabbeg
81038578   PRD_D_tablen
8103857c   PRD_D_thook
81038580   RTA_D_fromHost
81038584   RTA_D_toHost
81038588   RTA_D_logval
81038598   RTA_D_stsval
810385a4   HST_D_chanmask
810385a8   HST_D_tabbeg
810385ac   HST_D_tabend
810385b0   _GBL_procId
810385b4   _GBL_clkIn
810385b8   _GBL_freq
810385bc   _MEM_D_NUMSEGMENTS
810385c0   _MEM_D_memtab
810385c4   _MEM_D_freelist
810385c8   _MEM_D_lockaddr
810385cc   _MEM_D_unlockaddr
810385d0   _SYS
810385d4   __HOOK_knlId
810385d8   __HOOK_NUMHOOKS
810385dc   SWI_D_runaddr
810385dc   _SWI_D_runaddr
810385dc   _SWI_data
810385e0   SWI_D_execaddr
810385e0   _SWI_D_execaddr
810385e4   SWI_D_curmask
810385e4   _SWI_D_curmask
810385e8   SWI_D_curset
810385e8   _SWI_D_curset
810385ec   SWI_D_lock
810385ec   _SWI_D_lock
810385f0   SWI_D_curmbox
810385f4   SWI_D_curfxn
810385f4   _SWI_D_curfxn
810385f8   SWI_D_rdybeg
810385f8   _SWI_D_rdybeg
810385fc   SWI_D_inswi
810385fc   _SWI_D_inswi
81038600   SWI_D_rdytab
81038678   _KNL_wFlag
8103867c   _KNL_wList
81038680   _KNL_alarm
81038684   _KNL_setpri
81038688   _KNL_inactive
8103868c   _KNL_priority
81038690   _KNL_set
81038694   _KNL_curtask
81038698   _KNL_prevtask
8103869c   _KNL_curtime
810386a0   _KNL_swiptr
810386a4   _KNL_curqueue
810386a8   _KNL_maxqueue
810386ac   _KNL_tswitchfxn
810386b0   _KNL_tcreatefxn
810386b4   _KNL_tdeletefxn
810386b8   _KNL_treadyfxn
810386bc   _KNL_idlefxn
810386c0   _EXC_sysTrapTable
810386c8   _EXC_returnPtr
810386fc   HWI_D_spsave
810386fc   _HWI_D_spsave
810386fc   _HWI_data
81038708   _HWI_D_inhwi
8103870c   HWI_D_bss
81038710   HWI_D_ccmask
81038714   LNK_dspFrameRequestMask
81038714   _LNK_dspFrameRequestMask
81038718   LNK_dspFrameReadyMask
81038718   _LNK_dspFrameReadyMask
8103871c   LNK_readPend
8103871c   _LNK_readPend
81038720   LNK_readDone
81038720   _LNK_readDone
81038724   LNK_readFail
81038724   _LNK_readFail
81038728   LNK_writeFail
81038728   _LNK_writeFail
8103872c   _EXC_exceptionHook
81038730   _EXC_internalHook
81038734   _EXC_externalHook
81038738   _EXC_nmiHook
81038744   _rtdxNullChanCnt
81038748   _rtdxNullFuncCnt
8103874c   _rtdxXmtNotDoneCnt
81038750   _rtdxRecNotDoneCnt
81038754   _rtdxXmtRestartCnt
81038758   _rtdxXmtErrorCnt
81038764   _edma3NumPaRAMSets
8103876c   _TSK_nTasks
81038770   _TSK_pid
81038774   _TSK
81038778   _numEdma3Tc
8103877c   _ccXferCompInt
81038780   _ccErrorInt
81038790   _ddaPrevInterruptMapInfo
81038794   _ddaPrevInterruptMapRequired
81038798   _ddaPrevSegId
8103879c   _prevRegs
810387a0   _vpssRegs
810387a4   _llcPrevDebugErrorStatus
810387a8   _CLK_DFLTMICROSECS
810387ac   _CLK_D_microseconds
810387b0   _SYS_exitStackPtr
810387b4   _SYS_exitStackTop
810387b8   _hEdma
810387c0   _prevDebugErrorTraceIndex
810387c4   _prevDebugTraceIndex
810387c8   _i2cHandle1
810387d0   _CLK_htimePerLtime
810387d4   __DEV_D_NUMINITFXNS
810387d8   _GIO
810387dc   IDL_D_busyObj
810387e0   _MEM
810387e4   _MEM_staticMemtab
810387fc   _vpfePrevRegs
81038804   RTA_fromHost$buf
81038804   ___end__
81038804   end
81038814   TRC_cinit
81038818   TRC_R_mask
81038818   _TRC_R_mask
8103881c   GBL_initdone
81038820   BIOS_init
81038820   _BIOS_init
810389a4   BIOS$$CLKON
810389e4   BIOS$$CLKOFF
81038aa0   BIOS_start
81038aa0   _BIOS_start
81038be0   _DEV_init
81038d00   _CLK_enableTimer
81038de0   _c_int00
81038ea0   _MEM_init
81038f40   _TSK_init
81038fa0   _GIO_init
81038fc0   _OBJ_init
81039661   KNL_swi$sts$maxfmt
81039664   IDL_A_TABBEG
81039664   IDL_cpuLoad
81039664   _IDL_cpuLoad
81039668   LNK_dataPump
81039668   _LNK_dataPump
81039669   KNL_swi$sts$sumfmt
8103966c   RTA_dispatcher
8103966c   _RTA_dispatcher
81039670   IDL_END
81039671   KNL_swi$sts$avgfmt
81039674   CLK_A_TABBEG
81039674   PRD_clock
81039674   _PRD_clock
81039678   CLK_null
8103967b   TSK_idle$sts$maxfmt
81039683   TSK_idle$sts$sumfmt
8103968b   TSK_idle$sts$avgfmt
81039695   TACHEVIDEO$sts$maxfmt
8103969d   TACHEVIDEO$sts$sumfmt
810396a5   TACHEVIDEO$sts$avgfmt
810396af   IDL_busyObj$maxfmt
810396b2   IDL_busyObj$sumfmt
810396b5   IDL_busyObj$avgfmt
81039700   _RTDX_Buffer
81039b08   _RTDX_Buffer_Start
81039b0c   _RTDX_Buffer_End
81039b10   _rtdx_mon_state
81039b54   _rtdx_buffer_state
81039b60   _RTDX_writing
81039b78   TSK_idle$stack
81039f10   TSK_idle$stkptr
8103a2d4   RTA_toHost$buf
8103a3d4   KNL_swi
8103a3d4   SWI_A_TABBEG
8103a3d4   _KNL_swi
8103a400   HWI_A_VECS
8103a400   SWI_A_TABEND
8103a400   hwi0
8103a420   hwi1
8103a440   hwi2
8103a460   hwi3
8103a480   hwi4
8103a4a0   hwi5
8103a4c0   hwi6
8103a4e0   hwi7
8103a500   hwi8
8103a520   hwi9
8103a540   hwi10
8103a560   hwi11
8103a580   hwi12
8103a5a0   hwi13
8103a5c0   hwi14
8103a5e0   hwi15
8103a600   _SYS_PUTCBEG
8103a7ff   _SYS_PUTCEND
8103a800   PIP_A_TABBEG
8103a800   RTA_fromHost$pipe
8103a800   _PIP_A_TABBEG
8103a804   RTA_fromHost$pipe$rd
8103a830   RTA_fromHost$pipe$aaa
8103a834   RTA_fromHost$pipe$wr
8103a860   RTA_fromHost$pipe$bbb
8103a864   RTA_toHost$pipe
8103a868   RTA_toHost$pipe$rd
8103a894   RTA_toHost$pipe$aaa
8103a898   RTA_toHost$pipe$wr
8103a8c4   RTA_toHost$pipe$bbb
8103a8c8   PIP_A_TABEND
8103a8c8   _PIP_A_TABEND
8103a8d4   TSK_idle
8103a8d4   _TSK_idle
8103a934   TACHEVIDEO
8103a934   _TACHEVIDEO
8103a988   UDEV_VPBE0$obj
8103a994   UDEV_VPBE0$device
8103a9ac   UDEV_VPFE0$obj
8103a9b8   UDEV_VPFE0$device
8103a9d0   UDEV_I2C0$obj
8103a9dc   UDEV_I2C0$device
8103aa58   LOG_A_TABBEG
8103aa58   LOG_system
8103aa58   _LOG_A_TABBEG
8103aa58   _LOG_system
8103aa70   _trace
8103aa70   trace
8103aa88   DVTEvent_Log
8103aa88   _DVTEvent_Log
8103aaa0   KNL_swi$sts$stsobj
8103aaa0   LOG_A_TABEND
8103aaa0   STS_A_TABBEG
8103aaa0   _LOG_A_TABEND
8103aaa0   _STS_A_TABBEG
8103aaa4   KNL_swi$sts
8103aab0   TSK_idle$sts$stsobj
8103aab4   TSK_idle$sts
8103aac0   TACHEVIDEO$sts$stsobj
8103aac4   TACHEVIDEO$sts
8103aad0   IDL_busyObj$stsobj
8103aad4   IDL_busyObj
8103aad4   _IDL_busyObj
8103aae0   HST_A_TABBEG
8103aae0   STS_A_TABEND
8103aae0   _HST_A_TABBEG
8103aae0   _STS_A_TABEND
8103aae4   RTA_fromHost
8103aae4   _RTA_fromHost
8103aaec   RTA_fromHost$rtdx
8103ab00   RTA_toHost
8103ab00   _RTA_toHost
8103ab08   RTA_toHost$rtdx
8103ab1c   HST_A_TABEND
8103ab1c   IDL_A_CALBEG
8103ab1c   IDL_cpuLoad$
8103ab1c   _HST_A_TABEND
8103ab20   LNK_dataPump$
8103ab24   RTA_dispatcher$
8103ab28   IDL_END$
8103ab2c   SYS$config
ffffffff   CACHE_L1D
ffffffff   CACHE_L1P
ffffffff   ECM_EVTMASK0
ffffffff   ECM_EVTMASK1
ffffffff   ECM_EVTMASK2
ffffffff   ECM_EVTMASK3
ffffffff   IRAM
ffffffff   L1DSRAM
ffffffff   SRAM
ffffffff   _CACHE_L1D
ffffffff   _CACHE_L1P
ffffffff   _IRAM
ffffffff   _L1DSRAM
ffffffff   _SRAM
ffffffff   ___TI_pprof_out_hndl
ffffffff   ___TI_prof_data_size
ffffffff   ___TI_prof_data_start
ffffffff   ___binit__
ffffffff   ___c_args__
ffffffff   binit

[1552 symbols]
